SQL> PROMPT 'Running Tables and Sequence'
'Running Tables and Sequence'
SQL> ------------------------------------
SQL> @TABLES/TABLES
'Create Table Definitions'

Table "ATAF_PROJECT" created.

Elapsed: 00:00:00.383

Table "ATAF_ACTION" created.

Elapsed: 00:00:00.132

Table "ATAF_TEST_DATA" created.

Elapsed: 00:00:00.206

Table "ATAF_DATA_GROUPS" created.

Elapsed: 00:00:00.095

Table "ATAF_DATA" created.

Elapsed: 00:00:00.101

Table "ATAF_DATA_ITEM" created.

Elapsed: 00:00:00.176

Table "ATAF_ITEM" created.

Elapsed: 00:00:00.090

Table "ATAF_MODULE" created.

Elapsed: 00:00:00.074

Table "ATAF_SELENIUM" created.

Elapsed: 00:00:00.095

Table "ATAF_TEST_CASE" created.

Elapsed: 00:00:00.131

Table "ATAF_TEST_SPEC" created.

Elapsed: 00:00:00.091

Table "ATAF_SPEC_CASE" created.

Elapsed: 00:00:00.106

Table "ATAF_SYSTEM_PARAMETERS" created.

Elapsed: 00:00:00.120

Table "ATAF_TEST_CASE_IOT" created.

Elapsed: 00:00:00.086

Table "ATAF_TEST_COND" created.

Elapsed: 00:00:00.116

Table "ATAF_USER_RESTRICTIONS" created.

Elapsed: 00:00:00.101

Table "ATAF_TEMP_MV" created.

Elapsed: 00:00:00.074

Table "ATAF_TL_JOB" created.

Elapsed: 00:00:00.152

Table "ATAF_TL_TEST" created.

Elapsed: 00:00:00.090
'Update Table Definitions'
'Add Constraints'

Table "ATAF_ACTION" altered.

Elapsed: 00:00:00.101

Table "ATAF_DATA" altered.

Elapsed: 00:00:00.080

Table "ATAF_DATA" altered.

Elapsed: 00:00:00.100

Table "ATAF_DATA_GROUPS" altered.

Elapsed: 00:00:00.065

Table "ATAF_SPEC_CASE" altered.

Elapsed: 00:00:00.069

Table "ATAF_TEST_COND" altered.

Elapsed: 00:00:00.105

Table "ATAF_TEST_SPEC" altered.

Elapsed: 00:00:00.077

Table "ATAF_DATA_ITEM" altered.

Elapsed: 00:00:00.074

Table "ATAF_MODULE" altered.

Elapsed: 00:00:00.278

Table "ATAF_MODULE" altered.

Elapsed: 00:00:00.074

Table "ATAF_SELENIUM" altered.

Elapsed: 00:00:00.120

Table "ATAF_SPEC_CASE" altered.

Elapsed: 00:00:00.076

Table "ATAF_SPEC_CASE" altered.

Elapsed: 00:00:00.076

Table "ATAF_TEST_CASE" altered.

Elapsed: 00:00:00.073

Table "ATAF_TEST_CASE" altered.

Elapsed: 00:00:00.075

Table "ATAF_TEST_CASE_IOT" altered.

Elapsed: 00:00:00.074

Table "ATAF_TEST_CASE_IOT" altered.

Elapsed: 00:00:00.089

Table "ATAF_TEST_COND" altered.

Elapsed: 00:00:00.120

Table "ATAF_TEST_COND" altered.

Elapsed: 00:00:00.075

Table "ATAF_TEST_COND" altered.

Elapsed: 00:00:00.074

Table "ATAF_TEST_COND" altered.

Elapsed: 00:00:00.072

Table "ATAF_TEST_DATA" altered.

Elapsed: 00:00:00.073

Table "ATAF_TEST_DATA" altered.

Elapsed: 00:00:00.074

Table "ATAF_TEST_SPEC" altered.

Elapsed: 00:00:00.075

Table "ATAF_USER_RESTRICTIONS" altered.

Elapsed: 00:00:00.074

Table "ATAF_TL_JOB" altered.

Elapsed: 00:00:00.073

Table "ATAF_TL_JOB" altered.

Elapsed: 00:00:00.107

Table "ATAF_TL_TEST" altered.

Elapsed: 00:00:00.071
'Create Indexes'

Unique index "ATAF_SYSTEM_PARAMETERS_UK1" created.

Elapsed: 00:00:00.067
'Create Sequences'

Sequence "ATAF_SEQ" created.

Elapsed: 00:00:00.099
SQL> PROMPT 'Running Base Views'
'Running Base Views'
SQL> ---------------------------
SQL> @VIEWS/ATAF_APEX_PAGES_V

View "ATAF_APEX_PAGES_V" created.

Elapsed: 00:00:00.130
SQL> @VIEWS/ATAF_APEX_SHORTCUTS_V

View "ATAF_APEX_SHORTCUTS_V" created.

Elapsed: 00:00:00.091
SQL> @VIEWS/ATAF_APEX_THEMES_V

View "ATAF_APEX_THEMES_V" created.

Elapsed: 00:00:00.138
SQL> @VIEWS/ATAF_APEX_PAGE_ITEMS_V

View "ATAF_APEX_PAGE_ITEMS_V" created.

Elapsed: 00:00:01.113
SQL> @VIEWS/ATAF_APEX_PAGE_ITEMS

View "ATAF_APEX_PAGE_ITEMS" created.

Elapsed: 00:00:00.101
SQL> @VIEWS/ATAF_TEST_COND_FULL_V

View "ATAF_TEST_COND_FULL_V" created.

Elapsed: 00:00:00.104
SQL> @VIEWS/ATAF_FULL_TEST_DATA_V

View "ATAF_FULL_TEST_DATA_V" created.

Elapsed: 00:00:00.095
SQL> @VIEWS/ATAF_TEST_CONDITION_FULL_V

View "ATAF_TEST_CONDITION_FULL_V" created.

Elapsed: 00:00:00.353
SQL> @VIEWS/ATAF_TEST_CONDITION_V

View "ATAF_TEST_CONDITION_V" created.

Elapsed: 00:00:00.249
SQL> @VIEWS/ATAF_APEX_APPLICATION_PAGES_V

View "ATAF_APEX_APPLICATION_PAGES_V" created.

Elapsed: 00:00:00.158
SQL> PROMPT 'Running Packages'
'Running Packages'
SQL> -------------------------
SQL> @PACKAGES/ATAF_DATA_GENERATOR_PKS

Package ATAF_DATA_GENERATOR compiled

Elapsed: 00:00:00.247
SQL> @PACKAGES/ATAF_DATA_GENERATOR_PKB

Package body ATAF_DATA_GENERATOR compiled

Elapsed: 00:00:00.396
SQL> @PACKAGES/ATAF_PKS

Package ATAF_PKG compiled

Elapsed: 00:00:00.321
SQL> @PACKAGES/ATAF_PKB

Package body ATAF_PKG compiled

Errors: check compiler log
Elapsed: 00:00:00.610
SQL> @PACKAGES/ATAF_TEST_LAB_PKS

Package ATAF_TEST_LAB compiled

Elapsed: 00:00:00.176
SQL> @PACKAGES/ATAF_TEST_LAB_PKB

Package body ATAF_TEST_LAB compiled

Errors: check compiler log
Elapsed: 00:00:00.209
SQL> PROMPT 'Running Materialized Views'
'Running Materialized Views'
SQL> -----------------------------------
SQL> @MATERIALIZED_VIEWS/ATAF_AGENT_PAGE_ITEMS_MV

Materialized view ATAF_AGENT_PAGE_ITEMS_MV created.

Elapsed: 00:00:46.764
SQL> @MATERIALIZED_VIEWS/ATAF_AGENT_PAGES_MV

Materialized view ATAF_AGENT_PAGES_MV created.

Elapsed: 00:00:00.628
SQL> @MATERIALIZED_VIEWS/ATAF_AGENT_SHORTCUTS_MV

Materialized view ATAF_AGENT_SHORTCUTS_MV created.

Elapsed: 00:00:00.370
SQL> @MATERIALIZED_VIEWS/ATAF_AGENT_THEMES_MV

Materialized view ATAF_AGENT_THEMES_MV created.

Elapsed: 00:00:00.497
SQL> PROMPT 'Running Triggers'
'Running Triggers'
SQL> -------------------------
SQL> @TRIGGERS/TRIGGERS

Trigger BI_ATAF_DATA_GROUPS compiled

Elapsed: 00:00:00.211

Trigger "BI_ATAF_DATA_GROUPS" altered.

Elapsed: 00:00:00.084

Trigger ATAF_BI_USER_RESTRICTIONS compiled

Elapsed: 00:00:00.179

Trigger "ATAF_BI_USER_RESTRICTIONS" altered.

Elapsed: 00:00:00.110

Trigger ATAF_BI_TEST_SPEC compiled

Elapsed: 00:00:00.215

Trigger "ATAF_BI_TEST_SPEC" altered.

Elapsed: 00:00:00.087

Trigger ATAF_BI_TEST_DATA compiled

Elapsed: 00:00:00.184

Trigger "ATAF_BI_TEST_DATA" altered.

Elapsed: 00:00:00.097

Trigger ATAF_BI_TEST_COND compiled

Elapsed: 00:00:00.155

Trigger "ATAF_BI_TEST_COND" altered.

Elapsed: 00:00:00.053

Trigger ATAF_BI_TEST_CASE compiled

Elapsed: 00:00:00.172

Trigger "ATAF_BI_TEST_CASE" altered.

Elapsed: 00:00:00.071

Trigger ATAF_BI_SPEC_CASE compiled

Elapsed: 00:00:00.183

Trigger "ATAF_BI_SPEC_CASE" altered.

Elapsed: 00:00:00.072

Trigger ATAF_BI_SELENIUM compiled

Elapsed: 00:00:00.192

Trigger "ATAF_BI_SELENIUM" altered.

Elapsed: 00:00:00.065

Trigger ATAF_BI_PROJECT compiled

Elapsed: 00:00:00.209

Trigger "ATAF_BI_PROJECT" altered.

Elapsed: 00:00:00.135

Trigger ATAF_BI_MODULE compiled

Elapsed: 00:00:00.202

Trigger "ATAF_BI_MODULE" altered.

Elapsed: 00:00:00.090

Trigger ATAF_BI_ITEM compiled

Elapsed: 00:00:00.148

Trigger "ATAF_BI_ITEM" altered.

Elapsed: 00:00:00.112

Trigger ATAF_BI_DATA_ITEM compiled

Elapsed: 00:00:00.141

Trigger "ATAF_BI_DATA_ITEM" altered.

Elapsed: 00:00:00.069

Trigger ATAF_BI_DATA compiled

Elapsed: 00:00:00.159

Trigger "ATAF_BI_DATA" altered.

Elapsed: 00:00:00.062

Trigger ATAF_BI_ACTION compiled

Elapsed: 00:00:00.164

Trigger "ATAF_BI_ACTION" altered.

Elapsed: 00:00:00.383

Trigger ATAF_TEST_CASE_AIUD compiled

Elapsed: 00:00:00.156

Trigger "ATAF_TEST_CASE_AIUD" altered.

Elapsed: 00:00:00.070

Trigger ATAF_TEST_COND_AIUD compiled

Elapsed: 00:00:00.142

Trigger "ATAF_TEST_COND_AIUD" altered.

Elapsed: 00:00:00.070

Trigger BI_ATAF_TL_JOB compiled

Elapsed: 00:00:00.164

Trigger "BI_ATAF_TL_JOB" altered.

Elapsed: 00:00:00.134

Trigger BI_ATAF_TL_TEST compiled

Elapsed: 00:00:00.193

Trigger "BI_ATAF_TL_TEST" altered.

Elapsed: 00:00:00.072
SQL> PROMPT 'Running Functions'
'Running Functions'
SQL> --------------------------
SQL> @FUNCTIONS/ATAF_MIGRATE_SCRIPT

Function ATAF_MIGRATE_SCRIPT compiled

Elapsed: 00:00:00.188
SQL> PROMPT 'Import Data'
'Import Data'
SQL> --------------------
SQL> @ATAF_DATA/ATAF_PROJECT_DATA_TABLE.sql

1 row inserted.

Elapsed: 00:00:00.092
SQL> @ATAF_DATA/ATAF_ACTION_DATA_TABLE.sql

1 row inserted.

Elapsed: 00:00:00.055

1 row inserted.

Elapsed: 00:00:00.050

1 row inserted.

Elapsed: 00:00:00.053

1 row inserted.

Elapsed: 00:00:00.049

1 row inserted.

Elapsed: 00:00:00.052

1 row inserted.

Elapsed: 00:00:00.048

1 row inserted.

Elapsed: 00:00:00.051

1 row inserted.

Elapsed: 00:00:00.053

1 row inserted.

Elapsed: 00:00:00.046

1 row inserted.

Elapsed: 00:00:00.052

1 row inserted.

Elapsed: 00:00:00.049

1 row inserted.

Elapsed: 00:00:00.049

1 row inserted.

Elapsed: 00:00:00.047

1 row inserted.

Elapsed: 00:00:00.047

1 row inserted.

Elapsed: 00:00:00.050

1 row inserted.

Elapsed: 00:00:00.049

1 row inserted.

Elapsed: 00:00:00.049

1 row inserted.

Elapsed: 00:00:00.049

1 row inserted.

Elapsed: 00:00:00.049

1 row inserted.

Elapsed: 00:00:00.050

1 row inserted.

Elapsed: 00:00:00.049

1 row inserted.

Elapsed: 00:00:00.045

1 row inserted.

Elapsed: 00:00:00.043

1 row inserted.

Elapsed: 00:00:00.051

1 row inserted.

Elapsed: 00:00:00.046

1 row inserted.

Elapsed: 00:00:00.047

1 row inserted.

Elapsed: 00:00:00.045

1 row inserted.

Elapsed: 00:00:00.047

1 row inserted.

Elapsed: 00:00:00.045

1 row inserted.

Elapsed: 00:00:00.048

1 row inserted.

Elapsed: 00:00:00.048

1 row inserted.

Elapsed: 00:00:00.049

1 row inserted.

Elapsed: 00:00:00.048

1 row inserted.

Elapsed: 00:00:00.048

1 row inserted.

Elapsed: 00:00:00.049

1 row inserted.

Elapsed: 00:00:00.037

1 row inserted.

Elapsed: 00:00:00.036

1 row inserted.

Elapsed: 00:00:00.036

1 row inserted.

Elapsed: 00:00:00.038

1 row inserted.

Elapsed: 00:00:00.036

1 row inserted.

Elapsed: 00:00:00.038

1 row inserted.

Elapsed: 00:00:00.036

1 row inserted.

Elapsed: 00:00:00.036

1 row inserted.

Elapsed: 00:00:00.037

1 row inserted.

Elapsed: 00:00:00.036

1 row inserted.

Elapsed: 00:00:00.036

1 row inserted.

Elapsed: 00:00:00.038

1 row inserted.

Elapsed: 00:00:00.036
SQL> @ATAF_DATA/ATAF_SELENIUM_DATA_TABLE.sql

1 row inserted.

Elapsed: 00:00:00.033

1 row inserted.

Elapsed: 00:00:00.032

1 row inserted.

Elapsed: 00:00:00.035

1 row inserted.

Elapsed: 00:00:00.036

1 row inserted.

Elapsed: 00:00:00.037

1 row inserted.

Elapsed: 00:00:00.037

1 row inserted.

Elapsed: 00:00:00.035

1 row inserted.

Elapsed: 00:00:00.035

1 row inserted.

Elapsed: 00:00:00.037

1 row inserted.

Elapsed: 00:00:00.036

1 row inserted.

Elapsed: 00:00:00.036

1 row inserted.

Elapsed: 00:00:00.036

1 row inserted.

Elapsed: 00:00:00.035

1 row inserted.

Elapsed: 00:00:00.036

1 row inserted.

Elapsed: 00:00:00.036

1 row inserted.

Elapsed: 00:00:00.038

1 row inserted.

Elapsed: 00:00:00.036

1 row inserted.

Elapsed: 00:00:00.037

1 row inserted.

Elapsed: 00:00:00.037

1 row inserted.

Elapsed: 00:00:00.037

1 row inserted.

Elapsed: 00:00:00.036

1 row inserted.

Elapsed: 00:00:00.037

1 row inserted.

Elapsed: 00:00:00.036

1 row inserted.

Elapsed: 00:00:00.038

1 row inserted.

Elapsed: 00:00:00.037

1 row inserted.

Elapsed: 00:00:00.036

1 row inserted.

Elapsed: 00:00:00.036

1 row inserted.

Elapsed: 00:00:00.052

1 row inserted.

Elapsed: 00:00:00.035

1 row inserted.

Elapsed: 00:00:00.036

1 row inserted.

Elapsed: 00:00:00.038

1 row inserted.

Elapsed: 00:00:00.036

1 row inserted.

Elapsed: 00:00:00.036

1 row inserted.

Elapsed: 00:00:00.072

1 row inserted.

Elapsed: 00:00:00.065

1 row inserted.

Elapsed: 00:00:00.070

1 row inserted.

Elapsed: 00:00:00.080

1 row inserted.

Elapsed: 00:00:00.037

1 row inserted.

Elapsed: 00:00:00.036

1 row inserted.

Elapsed: 00:00:00.035

1 row inserted.

Elapsed: 00:00:00.036

1 row inserted.

Elapsed: 00:00:00.037

1 row inserted.

Elapsed: 00:00:00.036

1 row inserted.

Elapsed: 00:00:00.036

1 row inserted.

Elapsed: 00:00:00.037

1 row inserted.

Elapsed: 00:00:00.038

1 row inserted.

Elapsed: 00:00:00.036

1 row inserted.

Elapsed: 00:00:00.036

1 row inserted.

Elapsed: 00:00:00.032

1 row inserted.

Elapsed: 00:00:00.038

1 row inserted.

Elapsed: 00:00:00.037

1 row inserted.

Elapsed: 00:00:00.038

1 row inserted.

Elapsed: 00:00:00.036

1 row inserted.

Elapsed: 00:00:00.036

1 row inserted.

Elapsed: 00:00:00.037

1 row inserted.

Elapsed: 00:00:00.036

1 row inserted.

Elapsed: 00:00:00.044

1 row inserted.

Elapsed: 00:00:00.048

1 row inserted.

Elapsed: 00:00:00.047

1 row inserted.

Elapsed: 00:00:00.048

1 row inserted.

Elapsed: 00:00:00.047

1 row inserted.

Elapsed: 00:00:00.050

1 row inserted.

Elapsed: 00:00:00.050

1 row inserted.

Elapsed: 00:00:00.051

1 row inserted.

Elapsed: 00:00:00.046

1 row inserted.

Elapsed: 00:00:00.047

1 row inserted.

Elapsed: 00:00:00.050

1 row inserted.

Elapsed: 00:00:00.050

1 row inserted.

Elapsed: 00:00:00.046

1 row inserted.

Elapsed: 00:00:00.048

1 row inserted.

Elapsed: 00:00:00.048

1 row inserted.

Elapsed: 00:00:00.048

1 row inserted.

Elapsed: 00:00:00.046

1 row inserted.

Elapsed: 00:00:00.048

1 row inserted.

Elapsed: 00:00:00.048

1 row inserted.

Elapsed: 00:00:00.046

1 row inserted.

Elapsed: 00:00:00.044

1 row inserted.

Elapsed: 00:00:00.051

1 row inserted.

Elapsed: 00:00:00.047

1 row inserted.

Elapsed: 00:00:00.089

1 row inserted.

Elapsed: 00:00:00.085

1 row inserted.

Elapsed: 00:00:00.064

1 row inserted.

Elapsed: 00:00:00.063

1 row inserted.

Elapsed: 00:00:00.039

1 row inserted.

Elapsed: 00:00:00.048

1 row inserted.

Elapsed: 00:00:00.049

1 row inserted.

Elapsed: 00:00:00.050

1 row inserted.

Elapsed: 00:00:00.048

1 row inserted.

Elapsed: 00:00:00.049

1 row inserted.

Elapsed: 00:00:00.049

1 row inserted.

Elapsed: 00:00:00.051

1 row inserted.

Elapsed: 00:00:00.028

1 row inserted.

Elapsed: 00:00:00.039

1 row inserted.

Elapsed: 00:00:00.042

1 row inserted.

Elapsed: 00:00:00.049

1 row inserted.

Elapsed: 00:00:00.047

1 row inserted.

Elapsed: 00:00:00.044

1 row inserted.

Elapsed: 00:00:00.046

1 row inserted.

Elapsed: 00:00:00.037

1 row inserted.

Elapsed: 00:00:00.036
SQL> @ATAF_DATA/ATAF_TEST_DATA_DATA_TABLE.sql

1 row inserted.

Elapsed: 00:00:00.044

1 row inserted.

Elapsed: 00:00:00.036

1 row inserted.

Elapsed: 00:00:00.036

1 row inserted.

Elapsed: 00:00:00.035

1 row inserted.

Elapsed: 00:00:00.035

1 row inserted.

Elapsed: 00:00:00.031

1 row inserted.

Elapsed: 00:00:00.035

1 row inserted.

Elapsed: 00:00:00.035

1 row inserted.

Elapsed: 00:00:00.036

1 row inserted.

Elapsed: 00:00:00.037

1 row inserted.

Elapsed: 00:00:00.036

1 row inserted.

Elapsed: 00:00:00.036

1 row inserted.

Elapsed: 00:00:00.036

1 row inserted.

Elapsed: 00:00:00.037

1 row inserted.

Elapsed: 00:00:00.034

1 row inserted.

Elapsed: 00:00:00.035

1 row inserted.

Elapsed: 00:00:00.036
SQL> @ATAF_DATA/ATAF_DATA_ITEM_DATA_TABLE.sql

1 row inserted.

Elapsed: 00:00:00.036

1 row inserted.

Elapsed: 00:00:00.037

1 row inserted.

Elapsed: 00:00:00.036

1 row inserted.

Elapsed: 00:00:00.034

1 row inserted.

Elapsed: 00:00:00.035

1 row inserted.

Elapsed: 00:00:00.023

1 row inserted.

Elapsed: 00:00:00.035

1 row inserted.

Elapsed: 00:00:00.038

1 row inserted.

Elapsed: 00:00:00.035

1 row inserted.

Elapsed: 00:00:00.036

1 row inserted.

Elapsed: 00:00:00.035

1 row inserted.

Elapsed: 00:00:00.036

1 row inserted.

Elapsed: 00:00:00.038

1 row inserted.

Elapsed: 00:00:00.036

1 row inserted.

Elapsed: 00:00:00.036

1 row inserted.

Elapsed: 00:00:00.036

1 row inserted.

Elapsed: 00:00:00.036

1 row inserted.

Elapsed: 00:00:00.034

1 row inserted.

Elapsed: 00:00:00.036

1 row inserted.

Elapsed: 00:00:00.037

1 row inserted.

Elapsed: 00:00:00.038

1 row inserted.

Elapsed: 00:00:00.037

1 row inserted.

Elapsed: 00:00:00.036

1 row inserted.

Elapsed: 00:00:00.043

1 row inserted.

Elapsed: 00:00:00.036

1 row inserted.

Elapsed: 00:00:00.037

1 row inserted.

Elapsed: 00:00:00.037

1 row inserted.

Elapsed: 00:00:00.037

1 row inserted.

Elapsed: 00:00:00.036

1 row inserted.

Elapsed: 00:00:00.036

1 row inserted.

Elapsed: 00:00:00.036

1 row inserted.

Elapsed: 00:00:00.036

1 row inserted.

Elapsed: 00:00:00.036

1 row inserted.

Elapsed: 00:00:00.037

1 row inserted.

Elapsed: 00:00:00.037

1 row inserted.

Elapsed: 00:00:00.035

1 row inserted.

Elapsed: 00:00:00.035

1 row inserted.

Elapsed: 00:00:00.037

1 row inserted.

Elapsed: 00:00:00.037

1 row inserted.

Elapsed: 00:00:00.035

1 row inserted.

Elapsed: 00:00:00.037

1 row inserted.

Elapsed: 00:00:00.035

1 row inserted.

Elapsed: 00:00:00.037

1 row inserted.

Elapsed: 00:00:00.036

1 row inserted.

Elapsed: 00:00:00.036

1 row inserted.

Elapsed: 00:00:00.036

1 row inserted.

Elapsed: 00:00:00.036

1 row inserted.

Elapsed: 00:00:00.036

1 row inserted.

Elapsed: 00:00:00.036

1 row inserted.

Elapsed: 00:00:00.036

1 row inserted.

Elapsed: 00:00:00.037

1 row inserted.

Elapsed: 00:00:00.038

1 row inserted.

Elapsed: 00:00:00.037

1 row inserted.

Elapsed: 00:00:00.035

1 row inserted.

Elapsed: 00:00:00.022

1 row inserted.

Elapsed: 00:00:00.052

1 row inserted.

Elapsed: 00:00:00.037

1 row inserted.

Elapsed: 00:00:00.036

1 row inserted.

Elapsed: 00:00:00.037

1 row inserted.

Elapsed: 00:00:00.036

1 row inserted.

Elapsed: 00:00:00.035

1 row inserted.

Elapsed: 00:00:00.036

1 row inserted.

Elapsed: 00:00:00.037
SQL> @ATAF_DATA/ATAF_DATA_DATA_TABLE.sql

1 row inserted.

Elapsed: 00:00:00.065

1 row inserted.

Elapsed: 00:00:00.054

1 row inserted.

Elapsed: 00:00:00.047

1 row inserted.

Elapsed: 00:00:00.084

1 row inserted.

Elapsed: 00:00:00.059

1 row inserted.

Elapsed: 00:00:00.073

1 row inserted.

Elapsed: 00:00:00.066

1 row inserted.

Elapsed: 00:00:00.035

1 row inserted.

Elapsed: 00:00:00.042

1 row inserted.

Elapsed: 00:00:00.047

1 row inserted.

Elapsed: 00:00:00.047

1 row inserted.

Elapsed: 00:00:00.053

1 row inserted.

Elapsed: 00:00:00.047

1 row inserted.

Elapsed: 00:00:00.047

1 row inserted.

Elapsed: 00:00:00.046

1 row inserted.

Elapsed: 00:00:00.046

1 row inserted.

Elapsed: 00:00:00.047

1 row inserted.

Elapsed: 00:00:00.051

1 row inserted.

Elapsed: 00:00:00.051

1 row inserted.

Elapsed: 00:00:00.048

1 row inserted.

Elapsed: 00:00:00.049

1 row inserted.

Elapsed: 00:00:00.053

1 row inserted.

Elapsed: 00:00:00.045

1 row inserted.

Elapsed: 00:00:00.047

1 row inserted.

Elapsed: 00:00:00.047

1 row inserted.

Elapsed: 00:00:00.050

1 row inserted.

Elapsed: 00:00:00.047

1 row inserted.

Elapsed: 00:00:00.045

1 row inserted.

Elapsed: 00:00:00.053

1 row inserted.

Elapsed: 00:00:00.049

1 row inserted.

Elapsed: 00:00:00.035

1 row inserted.

Elapsed: 00:00:00.046

1 row inserted.

Elapsed: 00:00:00.049

1 row inserted.

Elapsed: 00:00:00.038

1 row inserted.

Elapsed: 00:00:00.050

1 row inserted.

Elapsed: 00:00:00.046

1 row inserted.

Elapsed: 00:00:00.047

1 row inserted.

Elapsed: 00:00:00.045

1 row inserted.

Elapsed: 00:00:00.049

1 row inserted.

Elapsed: 00:00:00.047

1 row inserted.

Elapsed: 00:00:00.080

1 row inserted.

Elapsed: 00:00:00.070

1 row inserted.

Elapsed: 00:00:00.054

1 row inserted.

Elapsed: 00:00:00.071

1 row inserted.

Elapsed: 00:00:00.063

1 row inserted.

Elapsed: 00:00:00.045

1 row inserted.

Elapsed: 00:00:00.046

1 row inserted.

Elapsed: 00:00:00.037

1 row inserted.

Elapsed: 00:00:00.039

1 row inserted.

Elapsed: 00:00:00.037

1 row inserted.

Elapsed: 00:00:00.037

1 row inserted.

Elapsed: 00:00:00.038

1 row inserted.

Elapsed: 00:00:00.039

1 row inserted.

Elapsed: 00:00:00.034

1 row inserted.

Elapsed: 00:00:00.037

1 row inserted.

Elapsed: 00:00:00.038

1 row inserted.

Elapsed: 00:00:00.038

1 row inserted.

Elapsed: 00:00:00.039

1 row inserted.

Elapsed: 00:00:00.039

1 row inserted.

Elapsed: 00:00:00.039

1 row inserted.

Elapsed: 00:00:00.037

1 row inserted.

Elapsed: 00:00:00.044

1 row inserted.

Elapsed: 00:00:00.038

1 row inserted.

Elapsed: 00:00:00.038

1 row inserted.

Elapsed: 00:00:00.038

1 row inserted.

Elapsed: 00:00:00.037

1 row inserted.

Elapsed: 00:00:00.038

1 row inserted.

Elapsed: 00:00:00.024

1 row inserted.

Elapsed: 00:00:00.037

1 row inserted.

Elapsed: 00:00:00.038

1 row inserted.

Elapsed: 00:00:00.038

1 row inserted.

Elapsed: 00:00:00.039

1 row inserted.

Elapsed: 00:00:00.038

1 row inserted.

Elapsed: 00:00:00.039

1 row inserted.

Elapsed: 00:00:00.040

1 row inserted.

Elapsed: 00:00:00.038

1 row inserted.

Elapsed: 00:00:00.037

1 row inserted.

Elapsed: 00:00:00.038

1 row inserted.

Elapsed: 00:00:00.037

1 row inserted.

Elapsed: 00:00:00.037

1 row inserted.

Elapsed: 00:00:00.037

1 row inserted.

Elapsed: 00:00:00.023

1 row inserted.

Elapsed: 00:00:00.037

1 row inserted.

Elapsed: 00:00:00.037

1 row inserted.

Elapsed: 00:00:00.038

1 row inserted.

Elapsed: 00:00:00.038

1 row inserted.

Elapsed: 00:00:00.038

1 row inserted.

Elapsed: 00:00:00.037

1 row inserted.

Elapsed: 00:00:00.037

1 row inserted.

Elapsed: 00:00:00.038

1 row inserted.

Elapsed: 00:00:00.038

1 row inserted.

Elapsed: 00:00:00.036

1 row inserted.

Elapsed: 00:00:00.037

1 row inserted.

Elapsed: 00:00:00.036

1 row inserted.

Elapsed: 00:00:00.021

1 row inserted.

Elapsed: 00:00:00.037

1 row inserted.

Elapsed: 00:00:00.038

1 row inserted.

Elapsed: 00:00:00.036

1 row inserted.

Elapsed: 00:00:00.038

1 row inserted.

Elapsed: 00:00:00.036

1 row inserted.

Elapsed: 00:00:00.037

1 row inserted.

Elapsed: 00:00:00.039

1 row inserted.

Elapsed: 00:00:00.038

1 row inserted.

Elapsed: 00:00:00.037

1 row inserted.

Elapsed: 00:00:00.036

1 row inserted.

Elapsed: 00:00:00.038

1 row inserted.

Elapsed: 00:00:00.036

1 row inserted.

Elapsed: 00:00:00.036

1 row inserted.

Elapsed: 00:00:00.038

1 row inserted.

Elapsed: 00:00:00.036

1 row inserted.

Elapsed: 00:00:00.036

1 row inserted.

Elapsed: 00:00:00.036

1 row inserted.

Elapsed: 00:00:00.037

1 row inserted.

Elapsed: 00:00:00.036

1 row inserted.

Elapsed: 00:00:00.038

1 row inserted.

Elapsed: 00:00:00.037

1 row inserted.

Elapsed: 00:00:00.037

1 row inserted.

Elapsed: 00:00:00.036

1 row inserted.

Elapsed: 00:00:00.036

1 row inserted.

Elapsed: 00:00:00.036

1 row inserted.

Elapsed: 00:00:00.047

1 row inserted.

Elapsed: 00:00:00.052

1 row inserted.

Elapsed: 00:00:00.053

1 row inserted.

Elapsed: 00:00:00.051

1 row inserted.

Elapsed: 00:00:00.049

1 row inserted.

Elapsed: 00:00:00.050

1 row inserted.

Elapsed: 00:00:00.051

1 row inserted.

Elapsed: 00:00:00.047

1 row inserted.

Elapsed: 00:00:00.047

1 row inserted.

Elapsed: 00:00:00.053

1 row inserted.

Elapsed: 00:00:00.048

1 row inserted.

Elapsed: 00:00:00.050

1 row inserted.

Elapsed: 00:00:00.054

1 row inserted.

Elapsed: 00:00:00.048

1 row inserted.

Elapsed: 00:00:00.050

1 row inserted.

Elapsed: 00:00:00.057

1 row inserted.

Elapsed: 00:00:00.049

1 row inserted.

Elapsed: 00:00:00.041

1 row inserted.

Elapsed: 00:00:00.042

1 row inserted.

Elapsed: 00:00:00.046

1 row inserted.

Elapsed: 00:00:00.090

1 row inserted.

Elapsed: 00:00:00.086

1 row inserted.

Elapsed: 00:00:00.077

1 row inserted.

Elapsed: 00:00:00.068

1 row inserted.

Elapsed: 00:00:00.060

1 row inserted.

Elapsed: 00:00:00.059

1 row inserted.

Elapsed: 00:00:00.045

1 row inserted.

Elapsed: 00:00:00.048

1 row inserted.

Elapsed: 00:00:00.049

1 row inserted.

Elapsed: 00:00:00.052

1 row inserted.

Elapsed: 00:00:00.048

1 row inserted.

Elapsed: 00:00:00.049

1 row inserted.

Elapsed: 00:00:00.049

1 row inserted.

Elapsed: 00:00:00.049

1 row inserted.

Elapsed: 00:00:00.040

1 row inserted.

Elapsed: 00:00:00.047

1 row inserted.

Elapsed: 00:00:00.048

1 row inserted.

Elapsed: 00:00:00.049

1 row inserted.

Elapsed: 00:00:00.045

1 row inserted.

Elapsed: 00:00:00.050

1 row inserted.

Elapsed: 00:00:00.053

1 row inserted.

Elapsed: 00:00:00.052

1 row inserted.

Elapsed: 00:00:00.047

1 row inserted.

Elapsed: 00:00:00.046

1 row inserted.

Elapsed: 00:00:00.044

1 row inserted.

Elapsed: 00:00:00.045

1 row inserted.

Elapsed: 00:00:00.037

1 row inserted.

Elapsed: 00:00:00.036

1 row inserted.

Elapsed: 00:00:00.037

1 row inserted.

Elapsed: 00:00:00.036

1 row inserted.

Elapsed: 00:00:00.038

1 row inserted.

Elapsed: 00:00:00.036

1 row inserted.

Elapsed: 00:00:00.037

1 row inserted.

Elapsed: 00:00:00.037

1 row inserted.

Elapsed: 00:00:00.037

1 row inserted.

Elapsed: 00:00:00.037

1 row inserted.

Elapsed: 00:00:00.037

1 row inserted.

Elapsed: 00:00:00.037

1 row inserted.

Elapsed: 00:00:00.040

1 row inserted.

Elapsed: 00:00:00.038

1 row inserted.

Elapsed: 00:00:00.036

1 row inserted.

Elapsed: 00:00:00.038

1 row inserted.

Elapsed: 00:00:00.038

1 row inserted.

Elapsed: 00:00:00.038

1 row inserted.

Elapsed: 00:00:00.037

1 row inserted.

Elapsed: 00:00:00.038

1 row inserted.

Elapsed: 00:00:00.060

1 row inserted.

Elapsed: 00:00:00.070

1 row inserted.

Elapsed: 00:00:00.066

1 row inserted.

Elapsed: 00:00:00.066

1 row inserted.

Elapsed: 00:00:00.062

1 row inserted.

Elapsed: 00:00:00.037

1 row inserted.

Elapsed: 00:00:00.037

1 row inserted.

Elapsed: 00:00:00.037

1 row inserted.

Elapsed: 00:00:00.038

1 row inserted.

Elapsed: 00:00:00.037

1 row inserted.

Elapsed: 00:00:00.037

1 row inserted.

Elapsed: 00:00:00.037

1 row inserted.

Elapsed: 00:00:00.037

1 row inserted.

Elapsed: 00:00:00.036

1 row inserted.

Elapsed: 00:00:00.037

1 row inserted.

Elapsed: 00:00:00.037

1 row inserted.

Elapsed: 00:00:00.036

1 row inserted.

Elapsed: 00:00:00.037

1 row inserted.

Elapsed: 00:00:00.036

1 row inserted.

Elapsed: 00:00:00.036

1 row inserted.

Elapsed: 00:00:00.036

1 row inserted.

Elapsed: 00:00:00.036

1 row inserted.

Elapsed: 00:00:00.037

1 row inserted.

Elapsed: 00:00:00.038

1 row inserted.

Elapsed: 00:00:00.036

1 row inserted.

Elapsed: 00:00:00.038

1 row inserted.

Elapsed: 00:00:00.037

1 row inserted.

Elapsed: 00:00:00.036

1 row inserted.

Elapsed: 00:00:00.034

1 row inserted.

Elapsed: 00:00:00.036

1 row inserted.

Elapsed: 00:00:00.036

1 row inserted.

Elapsed: 00:00:00.036

1 row inserted.

Elapsed: 00:00:00.036

1 row inserted.

Elapsed: 00:00:00.036

1 row inserted.

Elapsed: 00:00:00.037

1 row inserted.

Elapsed: 00:00:00.037

1 row inserted.

Elapsed: 00:00:00.036

1 row inserted.

Elapsed: 00:00:00.036

1 row inserted.

Elapsed: 00:00:00.038

1 row inserted.

Elapsed: 00:00:00.037

1 row inserted.

Elapsed: 00:00:00.037

1 row inserted.

Elapsed: 00:00:00.037

1 row inserted.

Elapsed: 00:00:00.037

1 row inserted.

Elapsed: 00:00:00.039

1 row inserted.

Elapsed: 00:00:00.038

1 row inserted.

Elapsed: 00:00:00.038

1 row inserted.

Elapsed: 00:00:00.038

1 row inserted.

Elapsed: 00:00:00.038

1 row inserted.

Elapsed: 00:00:00.038

1 row inserted.

Elapsed: 00:00:00.040

1 row inserted.

Elapsed: 00:00:00.039

1 row inserted.

Elapsed: 00:00:00.037

1 row inserted.

Elapsed: 00:00:00.036

1 row inserted.

Elapsed: 00:00:00.037

1 row inserted.

Elapsed: 00:00:00.046

1 row inserted.

Elapsed: 00:00:00.051

1 row inserted.

Elapsed: 00:00:00.049

1 row inserted.

Elapsed: 00:00:00.050
SQL> @ATAF_DATA/ATAF_MODULE_DATA_TABLE.sql

1 row inserted.

Elapsed: 00:00:00.054

1 row inserted.

Elapsed: 00:00:00.051

1 row inserted.

Elapsed: 00:00:00.047

1 row inserted.

Elapsed: 00:00:00.051

1 row inserted.

Elapsed: 00:00:00.042
SQL> @ATAF_DATA/ATAF_TEST_SPEC_DATA_TABLE.sql

1 row inserted.

Elapsed: 00:00:00.046

1 row inserted.

Elapsed: 00:00:00.052

1 row inserted.

Elapsed: 00:00:00.046

1 row inserted.

Elapsed: 00:00:00.049

1 row inserted.

Elapsed: 00:00:00.046
SQL> @ATAF_DATA/ATAF_TEST_CASE_DATA_TABLE.sql

1 row inserted.

Elapsed: 00:00:00.052

1 row inserted.

Elapsed: 00:00:00.050

1 row inserted.

Elapsed: 00:00:00.047

1 row inserted.

Elapsed: 00:00:00.049

1 row inserted.

Elapsed: 00:00:00.052

1 row inserted.

Elapsed: 00:00:00.053

1 row inserted.

Elapsed: 00:00:00.046

1 row inserted.

Elapsed: 00:00:00.046

1 row inserted.

Elapsed: 00:00:00.058

1 row inserted.

Elapsed: 00:00:00.051

1 row inserted.

Elapsed: 00:00:00.048

1 row inserted.

Elapsed: 00:00:00.047

1 row inserted.

Elapsed: 00:00:00.047

1 row inserted.

Elapsed: 00:00:00.048

1 row inserted.

Elapsed: 00:00:00.048

1 row inserted.

Elapsed: 00:00:00.046

1 row inserted.

Elapsed: 00:00:00.040

1 row inserted.

Elapsed: 00:00:00.040

1 row inserted.

Elapsed: 00:00:00.044

1 row inserted.

Elapsed: 00:00:00.042

1 row inserted.

Elapsed: 00:00:00.040

1 row inserted.

Elapsed: 00:00:00.043

1 row inserted.

Elapsed: 00:00:00.074

1 row inserted.

Elapsed: 00:00:00.049

1 row inserted.

Elapsed: 00:00:00.045

1 row inserted.

Elapsed: 00:00:00.047

1 row inserted.

Elapsed: 00:00:00.035

1 row inserted.

Elapsed: 00:00:00.036

1 row inserted.

Elapsed: 00:00:00.036
SQL> @ATAF_DATA/ATAF_TEST_COND_DATA_TABLE.sql

1 row inserted.

Elapsed: 00:00:00.641

1 row inserted.

Elapsed: 00:00:00.055

1 row inserted.

Elapsed: 00:00:00.036

1 row inserted.

Elapsed: 00:00:00.036

1 row inserted.

Elapsed: 00:00:00.035

1 row inserted.

Elapsed: 00:00:00.035

1 row inserted.

Elapsed: 00:00:00.036

1 row inserted.

Elapsed: 00:00:00.035

1 row inserted.

Elapsed: 00:00:00.035

1 row inserted.

Elapsed: 00:00:00.036

1 row inserted.

Elapsed: 00:00:00.038

1 row inserted.

Elapsed: 00:00:00.036

1 row inserted.

Elapsed: 00:00:00.036

1 row inserted.

Elapsed: 00:00:00.036

1 row inserted.

Elapsed: 00:00:00.036

1 row inserted.

Elapsed: 00:00:00.036

1 row inserted.

Elapsed: 00:00:00.058

1 row inserted.

Elapsed: 00:00:00.037

1 row inserted.

Elapsed: 00:00:00.037

1 row inserted.

Elapsed: 00:00:00.037

1 row inserted.

Elapsed: 00:00:00.036

1 row inserted.

Elapsed: 00:00:00.037

1 row inserted.

Elapsed: 00:00:00.036

1 row inserted.

Elapsed: 00:00:00.036

1 row inserted.

Elapsed: 00:00:00.037

1 row inserted.

Elapsed: 00:00:00.037

1 row inserted.

Elapsed: 00:00:00.037

1 row inserted.

Elapsed: 00:00:00.037

1 row inserted.

Elapsed: 00:00:00.036

1 row inserted.

Elapsed: 00:00:00.036

1 row inserted.

Elapsed: 00:00:00.036

1 row inserted.

Elapsed: 00:00:00.038

1 row inserted.

Elapsed: 00:00:00.035

1 row inserted.

Elapsed: 00:00:00.036

1 row inserted.

Elapsed: 00:00:00.036

1 row inserted.

Elapsed: 00:00:00.036

1 row inserted.

Elapsed: 00:00:00.037

1 row inserted.

Elapsed: 00:00:00.037

1 row inserted.

Elapsed: 00:00:00.036

1 row inserted.

Elapsed: 00:00:00.036

1 row inserted.

Elapsed: 00:00:00.037

1 row inserted.

Elapsed: 00:00:00.035

1 row inserted.

Elapsed: 00:00:00.036

1 row inserted.

Elapsed: 00:00:00.036

1 row inserted.

Elapsed: 00:00:00.036

1 row inserted.

Elapsed: 00:00:00.038

1 row inserted.

Elapsed: 00:00:00.037

1 row inserted.

Elapsed: 00:00:00.038

1 row inserted.

Elapsed: 00:00:00.037

1 row inserted.

Elapsed: 00:00:00.037

1 row inserted.

Elapsed: 00:00:00.037

1 row inserted.

Elapsed: 00:00:00.037

1 row inserted.

Elapsed: 00:00:00.037

1 row inserted.

Elapsed: 00:00:00.037

1 row inserted.

Elapsed: 00:00:00.037

1 row inserted.

Elapsed: 00:00:00.036

1 row inserted.

Elapsed: 00:00:00.035

1 row inserted.

Elapsed: 00:00:00.036

1 row inserted.

Elapsed: 00:00:00.036

1 row inserted.

Elapsed: 00:00:00.036

1 row inserted.

Elapsed: 00:00:00.037

1 row inserted.

Elapsed: 00:00:00.036

1 row inserted.

Elapsed: 00:00:00.038

1 row inserted.

Elapsed: 00:00:00.037

1 row inserted.

Elapsed: 00:00:00.037

1 row inserted.

Elapsed: 00:00:00.038

1 row inserted.

Elapsed: 00:00:00.037

1 row inserted.

Elapsed: 00:00:00.036

1 row inserted.

Elapsed: 00:00:00.037

1 row inserted.

Elapsed: 00:00:00.036

1 row inserted.

Elapsed: 00:00:00.036

1 row inserted.

Elapsed: 00:00:00.037

1 row inserted.

Elapsed: 00:00:00.054

1 row inserted.

Elapsed: 00:00:00.046

1 row inserted.

Elapsed: 00:00:00.051

1 row inserted.

Elapsed: 00:00:00.052

1 row inserted.

Elapsed: 00:00:00.042

1 row inserted.

Elapsed: 00:00:00.049

1 row inserted.

Elapsed: 00:00:00.049

1 row inserted.

Elapsed: 00:00:00.055

1 row inserted.

Elapsed: 00:00:00.050

1 row inserted.

Elapsed: 00:00:00.047

1 row inserted.

Elapsed: 00:00:00.050

1 row inserted.

Elapsed: 00:00:00.049

1 row inserted.

Elapsed: 00:00:00.050

1 row inserted.

Elapsed: 00:00:00.051

1 row inserted.

Elapsed: 00:00:00.050

1 row inserted.

Elapsed: 00:00:00.050

1 row inserted.

Elapsed: 00:00:00.051

1 row inserted.

Elapsed: 00:00:00.042

1 row inserted.

Elapsed: 00:00:00.053

1 row inserted.

Elapsed: 00:00:00.053

1 row inserted.

Elapsed: 00:00:00.049

1 row inserted.

Elapsed: 00:00:00.048

1 row inserted.

Elapsed: 00:00:00.054

1 row inserted.

Elapsed: 00:00:00.048

1 row inserted.

Elapsed: 00:00:00.048

1 row inserted.

Elapsed: 00:00:00.053

1 row inserted.

Elapsed: 00:00:00.054

1 row inserted.

Elapsed: 00:00:00.049

1 row inserted.

Elapsed: 00:00:00.047

1 row inserted.

Elapsed: 00:00:00.048

1 row inserted.

Elapsed: 00:00:00.044

1 row inserted.

Elapsed: 00:00:00.037

1 row inserted.

Elapsed: 00:00:00.047

1 row inserted.

Elapsed: 00:00:00.051

1 row inserted.

Elapsed: 00:00:00.052

1 row inserted.

Elapsed: 00:00:00.053

1 row inserted.

Elapsed: 00:00:00.049

1 row inserted.

Elapsed: 00:00:00.047

1 row inserted.

Elapsed: 00:00:00.047

1 row inserted.

Elapsed: 00:00:00.044

1 row inserted.

Elapsed: 00:00:00.048

1 row inserted.

Elapsed: 00:00:00.045

1 row inserted.

Elapsed: 00:00:00.044

1 row inserted.

Elapsed: 00:00:00.050

1 row inserted.

Elapsed: 00:00:00.044

1 row inserted.

Elapsed: 00:00:00.037

1 row inserted.

Elapsed: 00:00:00.036

1 row inserted.

Elapsed: 00:00:00.036

1 row inserted.

Elapsed: 00:00:00.037

1 row inserted.

Elapsed: 00:00:00.038

1 row inserted.

Elapsed: 00:00:00.037

1 row inserted.

Elapsed: 00:00:00.036

1 row inserted.

Elapsed: 00:00:00.036

1 row inserted.

Elapsed: 00:00:00.028

1 row inserted.

Elapsed: 00:00:00.037

1 row inserted.

Elapsed: 00:00:00.036

1 row inserted.

Elapsed: 00:00:00.036

1 row inserted.

Elapsed: 00:00:00.037

1 row inserted.

Elapsed: 00:00:00.037

1 row inserted.

Elapsed: 00:00:00.036

1 row inserted.

Elapsed: 00:00:00.036

1 row inserted.

Elapsed: 00:00:00.036

1 row inserted.

Elapsed: 00:00:00.035
SQL> @ATAF_DATA/ATAF_SPEC_CASE_DATA_TABLE.sql

1 row inserted.

Elapsed: 00:00:00.037

1 row inserted.

Elapsed: 00:00:00.035

1 row inserted.

Elapsed: 00:00:00.035

1 row inserted.

Elapsed: 00:00:00.037

1 row inserted.

Elapsed: 00:00:00.037

1 row inserted.

Elapsed: 00:00:00.035

1 row inserted.

Elapsed: 00:00:00.036

1 row inserted.

Elapsed: 00:00:00.035

1 row inserted.

Elapsed: 00:00:00.036

1 row inserted.

Elapsed: 00:00:00.034

1 row inserted.

Elapsed: 00:00:00.037

1 row inserted.

Elapsed: 00:00:00.034

1 row inserted.

Elapsed: 00:00:00.035

1 row inserted.

Elapsed: 00:00:00.035

1 row inserted.

Elapsed: 00:00:00.037

1 row inserted.

Elapsed: 00:00:00.035

1 row inserted.

Elapsed: 00:00:00.036

1 row inserted.

Elapsed: 00:00:00.024

1 row inserted.

Elapsed: 00:00:00.035

1 row inserted.

Elapsed: 00:00:00.036

1 row inserted.

Elapsed: 00:00:00.036

1 row inserted.

Elapsed: 00:00:00.034

1 row inserted.

Elapsed: 00:00:00.039

1 row inserted.

Elapsed: 00:00:00.036

1 row inserted.

Elapsed: 00:00:00.035

1 row inserted.

Elapsed: 00:00:00.039

1 row inserted.

Elapsed: 00:00:00.036

1 row inserted.

Elapsed: 00:00:00.036

1 row inserted.

Elapsed: 00:00:00.036

1 row inserted.

Elapsed: 00:00:00.035

1 row inserted.

Elapsed: 00:00:00.034

1 row inserted.

Elapsed: 00:00:00.037

1 row inserted.

Elapsed: 00:00:00.036

1 row inserted.

Elapsed: 00:00:00.036

1 row inserted.

Elapsed: 00:00:00.035

1 row inserted.

Elapsed: 00:00:00.035

1 row inserted.

Elapsed: 00:00:00.035

1 row inserted.

Elapsed: 00:00:00.036

1 row inserted.

Elapsed: 00:00:00.035

1 row inserted.

Elapsed: 00:00:00.036

1 row inserted.

Elapsed: 00:00:00.036

1 row inserted.

Elapsed: 00:00:00.035

1 row inserted.

Elapsed: 00:00:00.034

1 row inserted.

Elapsed: 00:00:00.035

1 row inserted.

Elapsed: 00:00:00.035

1 row inserted.

Elapsed: 00:00:00.035

1 row inserted.

Elapsed: 00:00:00.035

1 row inserted.

Elapsed: 00:00:00.035

1 row inserted.

Elapsed: 00:00:00.035
SQL> @ATAF_DATA/ATAF_TEMP_MV_DATA_TABLE.sql

1 row inserted.

Elapsed: 00:00:00.037

1 row inserted.

Elapsed: 00:00:00.036

1 row inserted.

Elapsed: 00:00:00.035

1 row inserted.

Elapsed: 00:00:00.034

1 row inserted.

Elapsed: 00:00:00.034

1 row inserted.

Elapsed: 00:00:00.035

1 row inserted.

Elapsed: 00:00:00.035

1 row inserted.

Elapsed: 00:00:00.037

1 row inserted.

Elapsed: 00:00:00.036

1 row inserted.

Elapsed: 00:00:00.037

1 row inserted.

Elapsed: 00:00:00.035

1 row inserted.

Elapsed: 00:00:00.036

1 row inserted.

Elapsed: 00:00:00.036

1 row inserted.

Elapsed: 00:00:00.051

1 row inserted.

Elapsed: 00:00:00.048

1 row inserted.

Elapsed: 00:00:00.054

1 row inserted.

Elapsed: 00:00:00.046

1 row inserted.

Elapsed: 00:00:00.050

1 row inserted.

Elapsed: 00:00:00.051

1 row inserted.

Elapsed: 00:00:00.045

1 row inserted.

Elapsed: 00:00:00.039

1 row inserted.

Elapsed: 00:00:00.051

1 row inserted.

Elapsed: 00:00:00.044

1 row inserted.

Elapsed: 00:00:00.051

1 row inserted.

Elapsed: 00:00:00.053

1 row inserted.

Elapsed: 00:00:00.048

1 row inserted.

Elapsed: 00:00:00.046

1 row inserted.

Elapsed: 00:00:00.045

1 row inserted.

Elapsed: 00:00:00.047

1 row inserted.

Elapsed: 00:00:00.051

1 row inserted.

Elapsed: 00:00:00.043

1 row inserted.

Elapsed: 00:00:00.045

1 row inserted.

Elapsed: 00:00:00.046

1 row inserted.

Elapsed: 00:00:00.045

1 row inserted.

Elapsed: 00:00:00.044

1 row inserted.

Elapsed: 00:00:00.043

1 row inserted.

Elapsed: 00:00:00.048

1 row inserted.

Elapsed: 00:00:00.052

1 row inserted.

Elapsed: 00:00:00.041

1 row inserted.

Elapsed: 00:00:00.045

1 row inserted.

Elapsed: 00:00:00.043

1 row inserted.

Elapsed: 00:00:00.046

1 row inserted.

Elapsed: 00:00:00.043

1 row inserted.

Elapsed: 00:00:00.048

1 row inserted.

Elapsed: 00:00:00.036

1 row inserted.

Elapsed: 00:00:00.046

1 row inserted.

Elapsed: 00:00:00.045

1 row inserted.

Elapsed: 00:00:00.046

1 row inserted.

Elapsed: 00:00:00.042

1 row inserted.

Elapsed: 00:00:00.041

1 row inserted.

Elapsed: 00:00:00.046

1 row inserted.

Elapsed: 00:00:00.049

1 row inserted.

Elapsed: 00:00:00.045

1 row inserted.

Elapsed: 00:00:00.046

1 row inserted.

Elapsed: 00:00:00.046

1 row inserted.

Elapsed: 00:00:00.046

1 row inserted.

Elapsed: 00:00:00.047

1 row inserted.

Elapsed: 00:00:00.046

1 row inserted.

Elapsed: 00:00:00.053

1 row inserted.

Elapsed: 00:00:00.051

1 row inserted.

Elapsed: 00:00:00.039

1 row inserted.

Elapsed: 00:00:00.038

1 row inserted.

Elapsed: 00:00:00.035

1 row inserted.

Elapsed: 00:00:00.037

1 row inserted.

Elapsed: 00:00:00.036

1 row inserted.

Elapsed: 00:00:00.036

1 row inserted.

Elapsed: 00:00:00.034

1 row inserted.

Elapsed: 00:00:00.036

1 row inserted.

Elapsed: 00:00:00.037

1 row inserted.

Elapsed: 00:00:00.036

1 row inserted.

Elapsed: 00:00:00.036

1 row inserted.

Elapsed: 00:00:00.035

1 row inserted.

Elapsed: 00:00:00.035

1 row inserted.

Elapsed: 00:00:00.036

1 row inserted.

Elapsed: 00:00:00.037

1 row inserted.

Elapsed: 00:00:00.035

1 row inserted.

Elapsed: 00:00:00.036

1 row inserted.

Elapsed: 00:00:00.037

1 row inserted.

Elapsed: 00:00:00.042

1 row inserted.

Elapsed: 00:00:00.036

1 row inserted.

Elapsed: 00:00:00.031

1 row inserted.

Elapsed: 00:00:00.035

1 row inserted.

Elapsed: 00:00:00.036

1 row inserted.

Elapsed: 00:00:00.035

1 row inserted.

Elapsed: 00:00:00.034

1 row inserted.

Elapsed: 00:00:00.035

1 row inserted.

Elapsed: 00:00:00.035

1 row inserted.

Elapsed: 00:00:00.036

1 row inserted.

Elapsed: 00:00:00.034

1 row inserted.

Elapsed: 00:00:00.036

1 row inserted.

Elapsed: 00:00:00.036

1 row inserted.

Elapsed: 00:00:00.037

1 row inserted.

Elapsed: 00:00:00.036

1 row inserted.

Elapsed: 00:00:00.036

1 row inserted.

Elapsed: 00:00:00.027

1 row inserted.

Elapsed: 00:00:00.035

1 row inserted.

Elapsed: 00:00:00.035

1 row inserted.

Elapsed: 00:00:00.035

1 row inserted.

Elapsed: 00:00:00.034

1 row inserted.

Elapsed: 00:00:00.035

1 row inserted.

Elapsed: 00:00:00.035

1 row inserted.

Elapsed: 00:00:00.036

1 row inserted.

Elapsed: 00:00:00.035

1 row inserted.

Elapsed: 00:00:00.036

1 row inserted.

Elapsed: 00:00:00.035

1 row inserted.

Elapsed: 00:00:00.035

1 row inserted.

Elapsed: 00:00:00.034

1 row inserted.

Elapsed: 00:00:00.035

1 row inserted.

Elapsed: 00:00:00.037

1 row inserted.

Elapsed: 00:00:00.034

1 row inserted.

Elapsed: 00:00:00.035

1 row inserted.

Elapsed: 00:00:00.035

1 row inserted.

Elapsed: 00:00:00.036

1 row inserted.

Elapsed: 00:00:00.036

1 row inserted.

Elapsed: 00:00:00.035

1 row inserted.

Elapsed: 00:00:00.036

1 row inserted.

Elapsed: 00:00:00.035

1 row inserted.

Elapsed: 00:00:00.036

1 row inserted.

Elapsed: 00:00:00.036

1 row inserted.

Elapsed: 00:00:00.035

1 row inserted.

Elapsed: 00:00:00.035

1 row inserted.

Elapsed: 00:00:00.034

1 row inserted.

Elapsed: 00:00:00.035

1 row inserted.

Elapsed: 00:00:00.024

1 row inserted.

Elapsed: 00:00:00.036

1 row inserted.

Elapsed: 00:00:00.035

1 row inserted.

Elapsed: 00:00:00.034

1 row inserted.

Elapsed: 00:00:00.036

1 row inserted.

Elapsed: 00:00:00.036

1 row inserted.

Elapsed: 00:00:00.035

1 row inserted.

Elapsed: 00:00:00.035

1 row inserted.

Elapsed: 00:00:00.036

1 row inserted.

Elapsed: 00:00:00.037

1 row inserted.

Elapsed: 00:00:00.036

1 row inserted.

Elapsed: 00:00:00.035

1 row inserted.

Elapsed: 00:00:00.035

1 row inserted.

Elapsed: 00:00:00.035

1 row inserted.

Elapsed: 00:00:00.037

1 row inserted.

Elapsed: 00:00:00.036

1 row inserted.

Elapsed: 00:00:00.035

1 row inserted.

Elapsed: 00:00:00.037

1 row inserted.

Elapsed: 00:00:00.035

1 row inserted.

Elapsed: 00:00:00.049

1 row inserted.

Elapsed: 00:00:00.048

1 row inserted.

Elapsed: 00:00:00.046

1 row inserted.

Elapsed: 00:00:00.048

1 row inserted.

Elapsed: 00:00:00.049

1 row inserted.

Elapsed: 00:00:00.042

1 row inserted.

Elapsed: 00:00:00.035

1 row inserted.

Elapsed: 00:00:00.044

1 row inserted.

Elapsed: 00:00:00.035

1 row inserted.

Elapsed: 00:00:00.045

1 row inserted.

Elapsed: 00:00:00.049

1 row inserted.

Elapsed: 00:00:00.050

1 row inserted.

Elapsed: 00:00:00.047

1 row inserted.

Elapsed: 00:00:00.053

1 row inserted.

Elapsed: 00:00:00.047

1 row inserted.

Elapsed: 00:00:00.041

1 row inserted.

Elapsed: 00:00:00.048

1 row inserted.

Elapsed: 00:00:00.043

1 row inserted.

Elapsed: 00:00:00.052

1 row inserted.

Elapsed: 00:00:00.048

1 row inserted.

Elapsed: 00:00:00.047

1 row inserted.

Elapsed: 00:00:00.044

1 row inserted.

Elapsed: 00:00:00.052

1 row inserted.

Elapsed: 00:00:00.052

1 row inserted.

Elapsed: 00:00:00.045

1 row inserted.

Elapsed: 00:00:00.049

1 row inserted.

Elapsed: 00:00:00.045

1 row inserted.

Elapsed: 00:00:00.043

1 row inserted.

Elapsed: 00:00:00.051

1 row inserted.

Elapsed: 00:00:00.049

1 row inserted.

Elapsed: 00:00:00.037

1 row inserted.

Elapsed: 00:00:00.057

1 row inserted.

Elapsed: 00:00:00.048

1 row inserted.

Elapsed: 00:00:00.132

1 row inserted.

Elapsed: 00:00:00.046

1 row inserted.

Elapsed: 00:00:00.045

1 row inserted.

Elapsed: 00:00:00.044

1 row inserted.

Elapsed: 00:00:00.046

1 row inserted.

Elapsed: 00:00:00.048

1 row inserted.

Elapsed: 00:00:00.046

1 row inserted.

Elapsed: 00:00:00.050

1 row inserted.

Elapsed: 00:00:00.036

1 row inserted.

Elapsed: 00:00:00.034

1 row inserted.

Elapsed: 00:00:00.035

1 row inserted.

Elapsed: 00:00:00.035

1 row inserted.

Elapsed: 00:00:00.035

1 row inserted.

Elapsed: 00:00:00.036

1 row inserted.

Elapsed: 00:00:00.035

1 row inserted.

Elapsed: 00:00:00.036

1 row inserted.

Elapsed: 00:00:00.035

1 row inserted.

Elapsed: 00:00:00.035

1 row inserted.

Elapsed: 00:00:00.034

1 row inserted.

Elapsed: 00:00:00.038

1 row inserted.

Elapsed: 00:00:00.024

1 row inserted.

Elapsed: 00:00:00.034

1 row inserted.

Elapsed: 00:00:00.035

1 row inserted.

Elapsed: 00:00:00.035

1 row inserted.

Elapsed: 00:00:00.035

1 row inserted.

Elapsed: 00:00:00.035

1 row inserted.

Elapsed: 00:00:00.036

1 row inserted.

Elapsed: 00:00:00.036

1 row inserted.

Elapsed: 00:00:00.035

1 row inserted.

Elapsed: 00:00:00.033

1 row inserted.

Elapsed: 00:00:00.034

1 row inserted.

Elapsed: 00:00:00.034

1 row inserted.

Elapsed: 00:00:00.034

1 row inserted.

Elapsed: 00:00:00.035

1 row inserted.

Elapsed: 00:00:00.034

1 row inserted.

Elapsed: 00:00:00.035

1 row inserted.

Elapsed: 00:00:00.036

1 row inserted.

Elapsed: 00:00:00.036

1 row inserted.

Elapsed: 00:00:00.036

1 row inserted.

Elapsed: 00:00:00.036

1 row inserted.

Elapsed: 00:00:00.036

1 row inserted.

Elapsed: 00:00:00.036

1 row inserted.

Elapsed: 00:00:00.036

1 row inserted.

Elapsed: 00:00:00.035

1 row inserted.

Elapsed: 00:00:00.036

1 row inserted.

Elapsed: 00:00:00.036

1 row inserted.

Elapsed: 00:00:00.036

1 row inserted.

Elapsed: 00:00:00.035

1 row inserted.

Elapsed: 00:00:00.036

1 row inserted.

Elapsed: 00:00:00.024

1 row inserted.

Elapsed: 00:00:00.035

1 row inserted.

Elapsed: 00:00:00.036

1 row inserted.

Elapsed: 00:00:00.036

1 row inserted.

Elapsed: 00:00:00.035

1 row inserted.

Elapsed: 00:00:00.036

1 row inserted.

Elapsed: 00:00:00.035

1 row inserted.

Elapsed: 00:00:00.035

1 row inserted.

Elapsed: 00:00:00.037

1 row inserted.

Elapsed: 00:00:00.037

1 row inserted.

Elapsed: 00:00:00.035

1 row inserted.

Elapsed: 00:00:00.036

1 row inserted.

Elapsed: 00:00:00.034

1 row inserted.

Elapsed: 00:00:00.037

1 row inserted.

Elapsed: 00:00:00.035

1 row inserted.

Elapsed: 00:00:00.036

1 row inserted.

Elapsed: 00:00:00.035

1 row inserted.

Elapsed: 00:00:00.036

1 row inserted.

Elapsed: 00:00:00.035

1 row inserted.

Elapsed: 00:00:00.036

1 row inserted.

Elapsed: 00:00:00.036

1 row inserted.

Elapsed: 00:00:00.035

1 row inserted.

Elapsed: 00:00:00.035

1 row inserted.

Elapsed: 00:00:00.036

1 row inserted.

Elapsed: 00:00:00.036

1 row inserted.

Elapsed: 00:00:00.037

1 row inserted.

Elapsed: 00:00:00.035

1 row inserted.

Elapsed: 00:00:00.035

1 row inserted.

Elapsed: 00:00:00.035

1 row inserted.

Elapsed: 00:00:00.035

1 row inserted.

Elapsed: 00:00:00.035

1 row inserted.

Elapsed: 00:00:00.035

1 row inserted.

Elapsed: 00:00:00.036

1 row inserted.

Elapsed: 00:00:00.034

1 row inserted.

Elapsed: 00:00:00.035

1 row inserted.

Elapsed: 00:00:00.035

1 row inserted.

Elapsed: 00:00:00.036

1 row inserted.

Elapsed: 00:00:00.036

1 row inserted.

Elapsed: 00:00:00.035

1 row inserted.

Elapsed: 00:00:00.035

1 row inserted.

Elapsed: 00:00:00.035

1 row inserted.

Elapsed: 00:00:00.036

1 row inserted.

Elapsed: 00:00:00.036

1 row inserted.

Elapsed: 00:00:00.026

1 row inserted.

Elapsed: 00:00:00.035

1 row inserted.

Elapsed: 00:00:00.036

1 row inserted.

Elapsed: 00:00:00.036

1 row inserted.

Elapsed: 00:00:00.036

1 row inserted.

Elapsed: 00:00:00.036

1 row inserted.

Elapsed: 00:00:00.036

1 row inserted.

Elapsed: 00:00:00.033

1 row inserted.

Elapsed: 00:00:00.041

1 row inserted.

Elapsed: 00:00:00.046

1 row inserted.

Elapsed: 00:00:00.045

1 row inserted.

Elapsed: 00:00:00.047

1 row inserted.

Elapsed: 00:00:00.043

1 row inserted.

Elapsed: 00:00:00.047

1 row inserted.

Elapsed: 00:00:00.052

1 row inserted.

Elapsed: 00:00:00.048

1 row inserted.

Elapsed: 00:00:00.050

1 row inserted.

Elapsed: 00:00:00.043

1 row inserted.

Elapsed: 00:00:00.049

1 row inserted.

Elapsed: 00:00:00.040

1 row inserted.

Elapsed: 00:00:00.046

1 row inserted.

Elapsed: 00:00:00.050

1 row inserted.

Elapsed: 00:00:00.050

1 row inserted.

Elapsed: 00:00:00.052

1 row inserted.

Elapsed: 00:00:00.049

1 row inserted.

Elapsed: 00:00:00.051

1 row inserted.

Elapsed: 00:00:00.048

1 row inserted.

Elapsed: 00:00:00.052

1 row inserted.

Elapsed: 00:00:00.045

1 row inserted.

Elapsed: 00:00:00.051

1 row inserted.

Elapsed: 00:00:00.044

1 row inserted.

Elapsed: 00:00:00.043

1 row inserted.

Elapsed: 00:00:00.050

1 row inserted.

Elapsed: 00:00:00.049

1 row inserted.

Elapsed: 00:00:00.047

1 row inserted.

Elapsed: 00:00:00.048

1 row inserted.

Elapsed: 00:00:00.050

1 row inserted.

Elapsed: 00:00:00.046

1 row inserted.

Elapsed: 00:00:00.047

1 row inserted.

Elapsed: 00:00:00.050

1 row inserted.

Elapsed: 00:00:00.049

1 row inserted.

Elapsed: 00:00:00.046

1 row inserted.

Elapsed: 00:00:00.040

1 row inserted.

Elapsed: 00:00:00.047

1 row inserted.

Elapsed: 00:00:00.043

1 row inserted.

Elapsed: 00:00:00.045

1 row inserted.

Elapsed: 00:00:00.048

1 row inserted.

Elapsed: 00:00:00.047

1 row inserted.

Elapsed: 00:00:00.050

1 row inserted.

Elapsed: 00:00:00.046

1 row inserted.

Elapsed: 00:00:00.035

1 row inserted.

Elapsed: 00:00:00.034

1 row inserted.

Elapsed: 00:00:00.035

1 row inserted.

Elapsed: 00:00:00.034

1 row inserted.

Elapsed: 00:00:00.035

1 row inserted.

Elapsed: 00:00:00.036

1 row inserted.

Elapsed: 00:00:00.036

1 row inserted.

Elapsed: 00:00:00.035

1 row inserted.

Elapsed: 00:00:00.035

1 row inserted.

Elapsed: 00:00:00.036

1 row inserted.

Elapsed: 00:00:00.035

1 row inserted.

Elapsed: 00:00:00.035

1 row inserted.

Elapsed: 00:00:00.035

1 row inserted.

Elapsed: 00:00:00.036

1 row inserted.

Elapsed: 00:00:00.036

1 row inserted.

Elapsed: 00:00:00.035

1 row inserted.

Elapsed: 00:00:00.035

1 row inserted.

Elapsed: 00:00:00.036

1 row inserted.

Elapsed: 00:00:00.037

1 row inserted.

Elapsed: 00:00:00.035

1 row inserted.

Elapsed: 00:00:00.034

1 row inserted.

Elapsed: 00:00:00.035

1 row inserted.

Elapsed: 00:00:00.021

1 row inserted.

Elapsed: 00:00:00.036

1 row inserted.

Elapsed: 00:00:00.035

1 row inserted.

Elapsed: 00:00:00.034

1 row inserted.

Elapsed: 00:00:00.035

1 row inserted.

Elapsed: 00:00:00.035

1 row inserted.

Elapsed: 00:00:00.036

1 row inserted.

Elapsed: 00:00:00.035

1 row inserted.

Elapsed: 00:00:00.034

1 row inserted.

Elapsed: 00:00:00.035

1 row inserted.

Elapsed: 00:00:00.036

1 row inserted.

Elapsed: 00:00:00.035

1 row inserted.

Elapsed: 00:00:00.037

1 row inserted.

Elapsed: 00:00:00.036

1 row inserted.

Elapsed: 00:00:00.035

1 row inserted.

Elapsed: 00:00:00.033

1 row inserted.

Elapsed: 00:00:00.035

1 row inserted.

Elapsed: 00:00:00.037

1 row inserted.

Elapsed: 00:00:00.034

1 row inserted.

Elapsed: 00:00:00.034

1 row inserted.

Elapsed: 00:00:00.035

1 row inserted.

Elapsed: 00:00:00.036

1 row inserted.

Elapsed: 00:00:00.036

1 row inserted.

Elapsed: 00:00:00.035

1 row inserted.

Elapsed: 00:00:00.034

1 row inserted.

Elapsed: 00:00:00.035

1 row inserted.

Elapsed: 00:00:00.035

1 row inserted.

Elapsed: 00:00:00.035

1 row inserted.

Elapsed: 00:00:00.036

1 row inserted.

Elapsed: 00:00:00.029

1 row inserted.

Elapsed: 00:00:00.035

1 row inserted.

Elapsed: 00:00:00.036

1 row inserted.

Elapsed: 00:00:00.034

1 row inserted.

Elapsed: 00:00:00.035

1 row inserted.

Elapsed: 00:00:00.034

1 row inserted.

Elapsed: 00:00:00.035

1 row inserted.

Elapsed: 00:00:00.035

1 row inserted.

Elapsed: 00:00:00.035

1 row inserted.

Elapsed: 00:00:00.036

1 row inserted.

Elapsed: 00:00:00.034

1 row inserted.

Elapsed: 00:00:00.035

1 row inserted.

Elapsed: 00:00:00.034

1 row inserted.

Elapsed: 00:00:00.037

1 row inserted.

Elapsed: 00:00:00.037

1 row inserted.

Elapsed: 00:00:00.036

1 row inserted.

Elapsed: 00:00:00.035

1 row inserted.

Elapsed: 00:00:00.035

1 row inserted.

Elapsed: 00:00:00.035

1 row inserted.

Elapsed: 00:00:00.036

1 row inserted.

Elapsed: 00:00:00.036

1 row inserted.

Elapsed: 00:00:00.036

1 row inserted.

Elapsed: 00:00:00.035

1 row inserted.

Elapsed: 00:00:00.035

1 row inserted.

Elapsed: 00:00:00.035

1 row inserted.

Elapsed: 00:00:00.036

1 row inserted.

Elapsed: 00:00:00.037

1 row inserted.

Elapsed: 00:00:00.035

1 row inserted.

Elapsed: 00:00:00.034

1 row inserted.

Elapsed: 00:00:00.026

1 row inserted.

Elapsed: 00:00:00.035

1 row inserted.

Elapsed: 00:00:00.036

1 row inserted.

Elapsed: 00:00:00.035

1 row inserted.

Elapsed: 00:00:00.035

1 row inserted.

Elapsed: 00:00:00.037

1 row inserted.

Elapsed: 00:00:00.035

1 row inserted.

Elapsed: 00:00:00.038

1 row inserted.

Elapsed: 00:00:00.047

1 row inserted.

Elapsed: 00:00:00.051

1 row inserted.

Elapsed: 00:00:00.051

1 row inserted.

Elapsed: 00:00:00.050

1 row inserted.

Elapsed: 00:00:00.042

1 row inserted.

Elapsed: 00:00:00.046

1 row inserted.

Elapsed: 00:00:00.049

1 row inserted.

Elapsed: 00:00:00.050

1 row inserted.

Elapsed: 00:00:00.049

1 row inserted.

Elapsed: 00:00:00.048

1 row inserted.

Elapsed: 00:00:00.042

1 row inserted.

Elapsed: 00:00:00.046

1 row inserted.

Elapsed: 00:00:00.048

1 row inserted.

Elapsed: 00:00:00.048

1 row inserted.

Elapsed: 00:00:00.047

1 row inserted.

Elapsed: 00:00:00.046

1 row inserted.

Elapsed: 00:00:00.046

1 row inserted.

Elapsed: 00:00:00.047

1 row inserted.

Elapsed: 00:00:00.051

1 row inserted.

Elapsed: 00:00:00.047

1 row inserted.

Elapsed: 00:00:00.043

1 row inserted.

Elapsed: 00:00:00.049

1 row inserted.

Elapsed: 00:00:00.045

1 row inserted.

Elapsed: 00:00:00.049

1 row inserted.

Elapsed: 00:00:00.042

1 row inserted.

Elapsed: 00:00:00.043

1 row inserted.

Elapsed: 00:00:00.049

1 row inserted.

Elapsed: 00:00:00.049

1 row inserted.

Elapsed: 00:00:00.048

1 row inserted.

Elapsed: 00:00:00.052

1 row inserted.

Elapsed: 00:00:00.048

1 row inserted.

Elapsed: 00:00:00.042

1 row inserted.

Elapsed: 00:00:00.047

1 row inserted.

Elapsed: 00:00:00.045

1 row inserted.

Elapsed: 00:00:00.052

1 row inserted.

Elapsed: 00:00:00.047

1 row inserted.

Elapsed: 00:00:00.051

1 row inserted.

Elapsed: 00:00:00.043

1 row inserted.

Elapsed: 00:00:00.038

1 row inserted.

Elapsed: 00:00:00.047

1 row inserted.

Elapsed: 00:00:00.046

1 row inserted.

Elapsed: 00:00:00.043

1 row inserted.

Elapsed: 00:00:00.050

1 row inserted.

Elapsed: 00:00:00.034

1 row inserted.

Elapsed: 00:00:00.036

1 row inserted.

Elapsed: 00:00:00.037

1 row inserted.

Elapsed: 00:00:00.036

1 row inserted.

Elapsed: 00:00:00.035

1 row inserted.

Elapsed: 00:00:00.036

1 row inserted.

Elapsed: 00:00:00.036

1 row inserted.

Elapsed: 00:00:00.036

1 row inserted.

Elapsed: 00:00:00.036

1 row inserted.

Elapsed: 00:00:00.036

1 row inserted.

Elapsed: 00:00:00.035

1 row inserted.

Elapsed: 00:00:00.035

1 row inserted.

Elapsed: 00:00:00.035

1 row inserted.

Elapsed: 00:00:00.036

1 row inserted.

Elapsed: 00:00:00.036

1 row inserted.

Elapsed: 00:00:00.035

1 row inserted.

Elapsed: 00:00:00.035

1 row inserted.

Elapsed: 00:00:00.035

1 row inserted.

Elapsed: 00:00:00.035

1 row inserted.

Elapsed: 00:00:00.036

1 row inserted.

Elapsed: 00:00:00.035

1 row inserted.

Elapsed: 00:00:00.035

1 row inserted.

Elapsed: 00:00:00.035

1 row inserted.

Elapsed: 00:00:00.035

1 row inserted.

Elapsed: 00:00:00.036

1 row inserted.

Elapsed: 00:00:00.035

1 row inserted.

Elapsed: 00:00:00.036

1 row inserted.

Elapsed: 00:00:00.036

1 row inserted.

Elapsed: 00:00:00.036

1 row inserted.

Elapsed: 00:00:00.036

1 row inserted.

Elapsed: 00:00:00.036

1 row inserted.

Elapsed: 00:00:00.036

1 row inserted.

Elapsed: 00:00:00.034

1 row inserted.

Elapsed: 00:00:00.036

1 row inserted.

Elapsed: 00:00:00.036

1 row inserted.

Elapsed: 00:00:00.032

1 row inserted.

Elapsed: 00:00:00.035

1 row inserted.

Elapsed: 00:00:00.035

1 row inserted.

Elapsed: 00:00:00.036

1 row inserted.

Elapsed: 00:00:00.035

1 row inserted.

Elapsed: 00:00:00.036

1 row inserted.

Elapsed: 00:00:00.034

1 row inserted.

Elapsed: 00:00:00.035

1 row inserted.

Elapsed: 00:00:00.035

1 row inserted.

Elapsed: 00:00:00.036

1 row inserted.

Elapsed: 00:00:00.036

1 row inserted.

Elapsed: 00:00:00.036

1 row inserted.

Elapsed: 00:00:00.035

1 row inserted.

Elapsed: 00:00:00.035

1 row inserted.

Elapsed: 00:00:00.035

1 row inserted.

Elapsed: 00:00:00.037

1 row inserted.

Elapsed: 00:00:00.036

1 row inserted.

Elapsed: 00:00:00.035

1 row inserted.

Elapsed: 00:00:00.035

1 row inserted.

Elapsed: 00:00:00.035

1 row inserted.

Elapsed: 00:00:00.034

1 row inserted.

Elapsed: 00:00:00.040

1 row inserted.

Elapsed: 00:00:00.040

1 row inserted.

Elapsed: 00:00:00.038

1 row inserted.

Elapsed: 00:00:00.036

1 row inserted.

Elapsed: 00:00:00.035

1 row inserted.

Elapsed: 00:00:00.036

1 row inserted.

Elapsed: 00:00:00.035

1 row inserted.

Elapsed: 00:00:00.037

1 row inserted.

Elapsed: 00:00:00.034

1 row inserted.

Elapsed: 00:00:00.036

1 row inserted.

Elapsed: 00:00:00.036

1 row inserted.

Elapsed: 00:00:00.037

1 row inserted.

Elapsed: 00:00:00.035

1 row inserted.

Elapsed: 00:00:00.035

1 row inserted.

Elapsed: 00:00:00.036

1 row inserted.

Elapsed: 00:00:00.038

1 row inserted.

Elapsed: 00:00:00.035

1 row inserted.

Elapsed: 00:00:00.035

1 row inserted.

Elapsed: 00:00:00.031

1 row inserted.

Elapsed: 00:00:00.034

1 row inserted.

Elapsed: 00:00:00.035

1 row inserted.

Elapsed: 00:00:00.035

1 row inserted.

Elapsed: 00:00:00.030

1 row inserted.

Elapsed: 00:00:00.036

1 row inserted.

Elapsed: 00:00:00.035

1 row inserted.

Elapsed: 00:00:00.034

1 row inserted.

Elapsed: 00:00:00.035

1 row inserted.

Elapsed: 00:00:00.035

1 row inserted.

Elapsed: 00:00:00.055

1 row inserted.

Elapsed: 00:00:00.048

1 row inserted.

Elapsed: 00:00:00.041

1 row inserted.

Elapsed: 00:00:00.052

1 row inserted.

Elapsed: 00:00:00.046

1 row inserted.

Elapsed: 00:00:00.046

1 row inserted.

Elapsed: 00:00:00.040

1 row inserted.

Elapsed: 00:00:00.035

1 row inserted.

Elapsed: 00:00:00.050

1 row inserted.

Elapsed: 00:00:00.043

1 row inserted.

Elapsed: 00:00:00.044

1 row inserted.

Elapsed: 00:00:00.047

1 row inserted.

Elapsed: 00:00:00.045

1 row inserted.

Elapsed: 00:00:00.046

1 row inserted.

Elapsed: 00:00:00.042

1 row inserted.

Elapsed: 00:00:00.052

1 row inserted.

Elapsed: 00:00:00.049

1 row inserted.

Elapsed: 00:00:00.042

1 row inserted.

Elapsed: 00:00:00.046

1 row inserted.

Elapsed: 00:00:00.044

1 row inserted.

Elapsed: 00:00:00.052

1 row inserted.

Elapsed: 00:00:00.048

1 row inserted.

Elapsed: 00:00:00.052

1 row inserted.

Elapsed: 00:00:00.061

1 row inserted.

Elapsed: 00:00:00.053

1 row inserted.

Elapsed: 00:00:00.050

1 row inserted.

Elapsed: 00:00:00.047

1 row inserted.

Elapsed: 00:00:00.052

1 row inserted.

Elapsed: 00:00:00.057

1 row inserted.

Elapsed: 00:00:00.053

1 row inserted.

Elapsed: 00:00:00.045

1 row inserted.

Elapsed: 00:00:00.050

1 row inserted.

Elapsed: 00:00:00.046

1 row inserted.

Elapsed: 00:00:00.052

1 row inserted.

Elapsed: 00:00:00.050

1 row inserted.

Elapsed: 00:00:00.048

1 row inserted.

Elapsed: 00:00:00.052

1 row inserted.

Elapsed: 00:00:00.050

1 row inserted.

Elapsed: 00:00:00.049

1 row inserted.

Elapsed: 00:00:00.041

1 row inserted.

Elapsed: 00:00:00.052

1 row inserted.

Elapsed: 00:00:00.047

1 row inserted.

Elapsed: 00:00:00.046

1 row inserted.

Elapsed: 00:00:00.045

1 row inserted.

Elapsed: 00:00:00.046

1 row inserted.

Elapsed: 00:00:00.037

1 row inserted.

Elapsed: 00:00:00.035

1 row inserted.

Elapsed: 00:00:00.035

1 row inserted.

Elapsed: 00:00:00.035

1 row inserted.

Elapsed: 00:00:00.036

1 row inserted.

Elapsed: 00:00:00.036

1 row inserted.

Elapsed: 00:00:00.037

1 row inserted.

Elapsed: 00:00:00.035

1 row inserted.

Elapsed: 00:00:00.035

1 row inserted.

Elapsed: 00:00:00.035

1 row inserted.

Elapsed: 00:00:00.035

1 row inserted.

Elapsed: 00:00:00.036

1 row inserted.

Elapsed: 00:00:00.035

1 row inserted.

Elapsed: 00:00:00.034

1 row inserted.

Elapsed: 00:00:00.036

1 row inserted.

Elapsed: 00:00:00.037

1 row inserted.

Elapsed: 00:00:00.035

1 row inserted.

Elapsed: 00:00:00.037

1 row inserted.

Elapsed: 00:00:00.035

1 row inserted.

Elapsed: 00:00:00.036

1 row inserted.

Elapsed: 00:00:00.038

1 row inserted.

Elapsed: 00:00:00.037

1 row inserted.

Elapsed: 00:00:00.038

1 row inserted.

Elapsed: 00:00:00.036

1 row inserted.

Elapsed: 00:00:00.037

1 row inserted.

Elapsed: 00:00:00.039

1 row inserted.

Elapsed: 00:00:00.046

1 row inserted.

Elapsed: 00:00:00.036

1 row inserted.

Elapsed: 00:00:00.050

1 row inserted.

Elapsed: 00:00:00.036

1 row inserted.

Elapsed: 00:00:00.044

1 row inserted.

Elapsed: 00:00:00.036

1 row inserted.

Elapsed: 00:00:00.036

1 row inserted.

Elapsed: 00:00:00.047

1 row inserted.

Elapsed: 00:00:00.036

1 row inserted.

Elapsed: 00:00:00.039

1 row inserted.

Elapsed: 00:00:00.034

1 row inserted.

Elapsed: 00:00:00.037

1 row inserted.

Elapsed: 00:00:00.036

1 row inserted.

Elapsed: 00:00:00.036

1 row inserted.

Elapsed: 00:00:00.036

1 row inserted.

Elapsed: 00:00:00.034

1 row inserted.

Elapsed: 00:00:00.036

1 row inserted.

Elapsed: 00:00:00.036

1 row inserted.

Elapsed: 00:00:00.035

1 row inserted.

Elapsed: 00:00:00.035

1 row inserted.

Elapsed: 00:00:00.035

1 row inserted.

Elapsed: 00:00:00.036

1 row inserted.

Elapsed: 00:00:00.036

1 row inserted.

Elapsed: 00:00:00.037

1 row inserted.

Elapsed: 00:00:00.035

1 row inserted.

Elapsed: 00:00:00.035

1 row inserted.

Elapsed: 00:00:00.035

1 row inserted.

Elapsed: 00:00:00.034

1 row inserted.

Elapsed: 00:00:00.036

1 row inserted.

Elapsed: 00:00:00.035

1 row inserted.

Elapsed: 00:00:00.035

1 row inserted.

Elapsed: 00:00:00.036

1 row inserted.

Elapsed: 00:00:00.036

1 row inserted.

Elapsed: 00:00:00.034

1 row inserted.

Elapsed: 00:00:00.033

1 row inserted.

Elapsed: 00:00:00.035

1 row inserted.

Elapsed: 00:00:00.035

1 row inserted.

Elapsed: 00:00:00.035

1 row inserted.

Elapsed: 00:00:00.037

1 row inserted.

Elapsed: 00:00:00.036

1 row inserted.

Elapsed: 00:00:00.035

1 row inserted.

Elapsed: 00:00:00.036

1 row inserted.

Elapsed: 00:00:00.037

1 row inserted.

Elapsed: 00:00:00.036

1 row inserted.

Elapsed: 00:00:00.036

1 row inserted.

Elapsed: 00:00:00.035

1 row inserted.

Elapsed: 00:00:00.036

1 row inserted.

Elapsed: 00:00:00.036

1 row inserted.

Elapsed: 00:00:00.039

1 row inserted.

Elapsed: 00:00:00.035

1 row inserted.

Elapsed: 00:00:00.037

1 row inserted.

Elapsed: 00:00:00.035

1 row inserted.

Elapsed: 00:00:00.051

1 row inserted.

Elapsed: 00:00:00.047

1 row inserted.

Elapsed: 00:00:00.049

1 row inserted.

Elapsed: 00:00:00.043

1 row inserted.

Elapsed: 00:00:00.054

1 row inserted.

Elapsed: 00:00:00.045

1 row inserted.

Elapsed: 00:00:00.051

1 row inserted.

Elapsed: 00:00:00.048

1 row inserted.

Elapsed: 00:00:00.051

1 row inserted.

Elapsed: 00:00:00.042

1 row inserted.

Elapsed: 00:00:00.046

1 row inserted.

Elapsed: 00:00:00.045

1 row inserted.

Elapsed: 00:00:00.042

1 row inserted.

Elapsed: 00:00:00.043

1 row inserted.

Elapsed: 00:00:00.051

1 row inserted.

Elapsed: 00:00:00.051

1 row inserted.

Elapsed: 00:00:00.049

1 row inserted.

Elapsed: 00:00:00.042

1 row inserted.

Elapsed: 00:00:00.046

1 row inserted.

Elapsed: 00:00:00.048

1 row inserted.

Elapsed: 00:00:00.048

1 row inserted.

Elapsed: 00:00:00.049

1 row inserted.

Elapsed: 00:00:00.044

1 row inserted.

Elapsed: 00:00:00.046

1 row inserted.

Elapsed: 00:00:00.046

1 row inserted.

Elapsed: 00:00:00.043

1 row inserted.

Elapsed: 00:00:00.045

1 row inserted.

Elapsed: 00:00:00.046

1 row inserted.

Elapsed: 00:00:00.056

1 row inserted.

Elapsed: 00:00:00.057

1 row inserted.

Elapsed: 00:00:00.046

1 row inserted.

Elapsed: 00:00:00.049

1 row inserted.

Elapsed: 00:00:00.051

1 row inserted.

Elapsed: 00:00:00.046

1 row inserted.

Elapsed: 00:00:00.048

1 row inserted.

Elapsed: 00:00:00.045

1 row inserted.

Elapsed: 00:00:00.050

1 row inserted.

Elapsed: 00:00:00.049

1 row inserted.

Elapsed: 00:00:00.046

1 row inserted.

Elapsed: 00:00:00.048

1 row inserted.

Elapsed: 00:00:00.045

1 row inserted.

Elapsed: 00:00:00.047

1 row inserted.

Elapsed: 00:00:00.047

1 row inserted.

Elapsed: 00:00:00.036

1 row inserted.

Elapsed: 00:00:00.036

1 row inserted.

Elapsed: 00:00:00.038

1 row inserted.

Elapsed: 00:00:00.034

1 row inserted.

Elapsed: 00:00:00.035

1 row inserted.

Elapsed: 00:00:00.037

1 row inserted.

Elapsed: 00:00:00.035

1 row inserted.

Elapsed: 00:00:00.037

1 row inserted.

Elapsed: 00:00:00.037

1 row inserted.

Elapsed: 00:00:00.035

1 row inserted.

Elapsed: 00:00:00.036

1 row inserted.

Elapsed: 00:00:00.036

1 row inserted.

Elapsed: 00:00:00.035

1 row inserted.

Elapsed: 00:00:00.035

1 row inserted.

Elapsed: 00:00:00.036

1 row inserted.

Elapsed: 00:00:00.035

1 row inserted.

Elapsed: 00:00:00.035

1 row inserted.

Elapsed: 00:00:00.036

1 row inserted.

Elapsed: 00:00:00.034

1 row inserted.

Elapsed: 00:00:00.033

1 row inserted.

Elapsed: 00:00:00.033

1 row inserted.

Elapsed: 00:00:00.034

1 row inserted.

Elapsed: 00:00:00.034

1 row inserted.

Elapsed: 00:00:00.036
SQL> PROMPT 'System Parameters'
'System Parameters'
SQL> --------------------------
SQL> BEGIN
  INSERT INTO ataf_system_parameters
  (name,
   value,
   start_date)
  VALUES
  ('Wallet Path',
   '',
   sysdate);
  INSERT INTO ataf_system_parameters
  (name,
   value,
   start_date)
  VALUES
  ('Wallet Password',
   '',
   sysdate);
  INSERT INTO ataf_system_parameters
  (name,
   value,
   start_date)
  VALUES
  ('ATAF Version',
   '0.2.0 Beta',
   sysdate);
END;
/

PL/SQL procedure successfully completed.

Elapsed: 00:00:00.043
SQL> PROMPT 'Migrate Data'
'Migrate Data'
SQL> ---------------------
SQL> BEGIN
  UPDATE ataf_test_cond set apex_item_id = ataf_migrate_script(apex_item_id) where apex_item_id is not null;
END;
/

PL/SQL procedure successfully completed.

Elapsed: 00:00:07.868
SQL> SET DEFINE ON
SQL> PROMPT 'Change User to ATAF Workspace'
'Change User to ATAF Workspace'
SQL> --------------------------------------
SQL> DECLARE
    l_workspace_id NUMBER;
    l_schema       VARCHAR(64);
BEGIN
    SELECT workspace_id INTO l_workspace_id
      FROM apex_workspaces
     WHERE workspace = '&&1';
     SELECT sys_context('USERENV','SESSION_USER')
	  INTO l_schema
    FROM dual;
	APEX_UTIL.SET_SECURITY_GROUP_ID(p_security_group_id=>l_workspace_id);
  --APEX_APPLICATION_INSTALL.set_workspace_id( l_workspace_id );
  APEX_APPLICATION_INSTALL.set_workspace('&&1');
    
    -------------------------
    -- Set application id  --
    -------------------------

      APEX_APPLICATION_INSTALL.set_application_id(&&2);
      --APEX_APPLICATION_INSTALL.generate_offset;
      APEX_APPLICATION_INSTALL.set_schema( l_schema );
      APEX_APPLICATION_INSTALL.set_application_alias( 'F' || apex_application.get_application_id );

END;
/

PL/SQL procedure successfully completed.

Elapsed: 00:00:00.169
SQL> PROMPT 'Insatlling ATAF Apex Application'
'Insatlling ATAF Apex Application'
SQL> -----------------------------------------
SQL> PROMPT 'Installing Application'
'Installing Application'
SQL> @APPLICATION_EXPORTS/ATAF_APPLICATION
Elapsed: 00:00:00.047
API Last Extended:20160824
Your Current Version:20160824
This import is compatible with version: 20160824
COMPATIBLE (You should be able to run this import without issues.)


--application/set_environment
APPLICATION 242 - ATAF
--application/delete_application
Elapsed: 00:00:01.156
--application/ui_types
Elapsed: 00:00:00.036
--application/create_application
Elapsed: 00:00:00.110
--application/shared_components/navigation/lists
Elapsed: 00:00:00.148
--application/shared_components/files
Elapsed: 00:00:00.106
--application/plugin_settings
Elapsed: 00:00:00.067
--application/shared_components/security/authorizations
Elapsed: 00:00:00.060
--application/shared_components/navigation/navigation_bar
Elapsed: 00:00:00.062
--application/shared_components/logic/application_processes
Elapsed: 00:00:00.124
--application/shared_components/logic/application_items
Elapsed: 00:00:00.068
--application/shared_components/logic/application_computations
Elapsed: 00:00:00.046
--application/shared_components/navigation/tabs/standard
Elapsed: 00:00:00.044
--application/shared_components/navigation/tabs/parent
Elapsed: 00:00:00.038
--application/shared_components/user_interface/lovs
Elapsed: 00:00:00.398
--application/shared_components/navigation/trees
Elapsed: 00:00:00.044
--application/pages/page_groups
Elapsed: 00:00:00.056
--application/comments
Elapsed: 00:00:00.047
--application/shared_components/navigation/breadcrumbs/breadcrumb
Elapsed: 00:00:00.086
--application/shared_components/user_interface/templates/page
Elapsed: 00:00:00.704
Elapsed: 00:00:00.260
Elapsed: 00:00:00.087
--application/shared_components/user_interface/templates/button
Elapsed: 00:00:00.057
--application/shared_components/user_interface/templates/region
Elapsed: 00:00:00.271
--application/shared_components/user_interface/templates/list
Elapsed: 00:00:00.370
--application/shared_components/user_interface/templates/report
Elapsed: 00:00:00.221
--application/shared_components/user_interface/templates/label
Elapsed: 00:00:00.085
--application/shared_components/user_interface/templates/breadcrumb
Elapsed: 00:00:00.042
--application/shared_components/user_interface/templates/popuplov
Elapsed: 00:00:00.058
--application/shared_components/user_interface/templates/calendar
Elapsed: 00:00:00.093
--application/shared_components/user_interface/themes
Elapsed: 00:00:00.066
--application/shared_components/user_interface/theme_style
Elapsed: 00:00:00.068
--application/shared_components/user_interface/theme_files
Elapsed: 00:00:01.188
Elapsed: 00:00:00.551
Elapsed: 00:00:01.437
Elapsed: 00:00:00.081
--application/shared_components/user_interface/theme_display_points
Elapsed: 00:00:00.035
--application/shared_components/user_interface/template_opt_groups
Elapsed: 00:00:00.223
--application/shared_components/user_interface/template_options
Elapsed: 00:00:00.309
Elapsed: 00:00:00.319
Elapsed: 00:00:00.276
Elapsed: 00:00:00.203
--application/shared_components/logic/build_options
Elapsed: 00:00:00.056
--application/shared_components/globalization/language
Elapsed: 00:00:00.044
--application/shared_components/globalization/translations
Elapsed: 00:00:00.048
--application/shared_components/globalization/messages
Elapsed: 00:00:00.043
--application/shared_components/globalization/dyntranslations
Elapsed: 00:00:00.051
--application/shared_components/user_interface/shortcuts
Elapsed: 00:00:00.048
--application/shared_components/security/authentications
Elapsed: 00:00:00.063
--application/ui_types
Elapsed: 00:00:00.050
--application/shared_components/data_loading/tables/ataf_data
Elapsed: 00:00:00.055
--application/user_interfaces
Elapsed: 00:00:00.079
--application/user_interfaces/combined_files
Elapsed: 00:00:00.045
--application/pages/page_00000
Elapsed: 00:00:00.106
--application/pages/page_00001
Elapsed: 00:00:00.427
--application/pages/page_00002
Elapsed: 00:00:00.457
--application/pages/page_00003
Elapsed: 00:00:00.197
--application/pages/page_00004
Elapsed: 00:00:00.337
--application/pages/page_00005
Elapsed: 00:00:00.167
--application/pages/page_00006
Elapsed: 00:00:00.184
--application/pages/page_00007
Elapsed: 00:00:00.130
--application/pages/page_00008
Elapsed: 00:00:00.405
Elapsed: 00:00:00.078
--application/pages/page_00009
Elapsed: 00:00:00.066
--application/pages/page_00010
Elapsed: 00:00:00.061
--application/pages/page_00011
Elapsed: 00:00:00.111
--application/pages/page_00012
Elapsed: 00:00:00.177
--application/pages/page_00013
Elapsed: 00:00:00.291
--application/pages/page_00014
Elapsed: 00:00:00.199
--application/pages/page_00015
Elapsed: 00:00:00.229
--application/pages/page_00016
Elapsed: 00:00:00.245
--application/pages/page_00017
Elapsed: 00:00:00.378
Elapsed: 00:00:00.043
--application/pages/page_00018
Elapsed: 00:00:00.372
Elapsed: 00:00:00.076
--application/pages/page_00019
Elapsed: 00:00:00.206
--application/pages/page_00020
Elapsed: 00:00:00.080
--application/pages/page_00021
Elapsed: 00:00:00.253
--application/pages/page_00022
Elapsed: 00:00:00.120
--application/pages/page_00023
Elapsed: 00:00:00.450
--application/pages/page_00024
Elapsed: 00:00:00.197
--application/pages/page_00025
Elapsed: 00:00:00.170
--application/pages/page_00026
Elapsed: 00:00:00.106
--application/pages/page_00027
Elapsed: 00:00:00.165
--application/pages/page_00028
Elapsed: 00:00:00.119
--application/pages/page_00029
Elapsed: 00:00:00.096
--application/pages/page_00030
Elapsed: 00:00:00.122
--application/pages/page_00031
Elapsed: 00:00:00.132
--application/pages/page_00032
Elapsed: 00:00:00.080
--application/pages/page_00034
Elapsed: 00:00:00.065
--application/pages/page_00035
Elapsed: 00:00:00.139
--application/pages/page_00036
Elapsed: 00:00:00.218
--application/pages/page_00037
Elapsed: 00:00:00.071
--application/pages/page_00038
Elapsed: 00:00:00.144
--application/pages/page_00039
Elapsed: 00:00:00.138
--application/pages/page_00040
Elapsed: 00:00:00.094
--application/pages/page_00041
Elapsed: 00:00:00.133
--application/pages/page_00042
Elapsed: 00:00:00.095
--application/pages/page_00101
Elapsed: 00:00:00.083
--application/pages/page_00102
Elapsed: 00:00:00.109
--application/deployment/definition
Elapsed: 00:00:00.036
--application/deployment/install
Elapsed: 00:00:00.035
--application/deployment/checks
Elapsed: 00:00:00.033
--application/deployment/buildoptions
Elapsed: 00:00:00.035
--application/end_environment
Elapsed: 00:00:00.084
... elapsed: 28.41 sec

...done
SQL> PROMPT 'Running Web Services'
'Running Web Services'
SQL> -----------------------------
SQL> @WEB_SERVICES/SELENIUM_WEB_SERVICES
Elapsed: 00:00:00.036
API Last Extended:20160824
Your Current Version:20160824
This import is compatible with version: 20160824
COMPATIBLE (You should be able to run this import without issues.)


Elapsed: 00:00:00.074
--application/restful_services/testlab
Elapsed: 00:00:00.115
Elapsed: 00:00:00.060
... elapsed: .36 sec

...done
SQL> PROMPT 'Create Test Users'
'Create Test Users'
SQL> --------------------------
old:@SQL/CREATE_USERS &1
new:@SQL/CREATE_USERS CERTA
SQL> @SQL/CREATE_USERS &1
old:DECLARE
  lv_group_id VARCHAR2(256);
  lv_workspace_id NUMBER;
BEGIN
  SELECT workspace_id INTO lv_workspace_id
  FROM apex_workspaces
  WHERE workspace = '&1';
  APEX_UTIL.SET_SECURITY_GROUP_ID(p_security_group_id=>lv_workspace_id);
  APEX_UTIL.CREATE_USER_GROUP(p_group_name => 'ataf_administrator');
  lv_group_id := APEX_UTIL.GET_GROUP_ID(p_group_name => 'ataf_administrator');
  APEX_UTIL.CREATE_USER(
    p_user_name => 'ADMIN_USER',
    p_description => 'Test User created by CI process',
    p_email_address => 'simon@apextestautomation.co.uk',
    p_web_password => 'TESTING1!',
    p_change_password_on_first_use => 'N',
    p_group_ids => lv_group_id);
  APEX_UTIL.CREATE_USER(
    p_user_name => 'BASIC_USER',
    p_description => 'Test User created by CI process',
    p_email_address => 'simon@apextestautomation.co.uk',
    p_web_password => 'TESTING1!',
    p_change_password_on_first_use => 'N',
    p_group_ids => '');
  APEX_UTIL.CREATE_USER(
    p_user_name => 'TEST1',
    p_description => 'Test User created by CI process',
    p_email_address => 'simon@apextestautomation.co.uk',
    p_web_password => 'TESTING1!',
    p_change_password_on_first_use => 'N',
    p_group_ids => '');
  APEX_UTIL.CREATE_USER(
    p_user_name => 'TEST2',
    p_description => 'Test User created by CI process',
    p_email_address => 'simon@apextestautomation.co.uk',
    p_web_password => 'TESTING1!',
    p_change_password_on_first_use => 'N',
    p_group_ids => '');
  APEX_UTIL.CREATE_USER(
    p_user_name => 'TEST3',
    p_description => 'Test User created by CI process',
    p_email_address => 'simon@apextestautomation.co.uk',
    p_web_password => 'TESTING1!',
    p_change_password_on_first_use => 'N',
    p_group_ids => ''); 
  APEX_UTIL.CREATE_USER(
    p_user_name => 'TEST4',
    p_description => 'Test User created by CI process',
    p_email_address => 'simon@apextestautomation.co.uk',
    p_web_password => 'TESTING1!',
    p_change_password_on_first_use => 'N',
    p_group_ids => '');  
END;
new:DECLARE
  lv_group_id VARCHAR2(256);
  lv_workspace_id NUMBER;
BEGIN
  SELECT workspace_id INTO lv_workspace_id
  FROM apex_workspaces
  WHERE workspace = 'CERTA';
  APEX_UTIL.SET_SECURITY_GROUP_ID(p_security_group_id=>lv_workspace_id);
  APEX_UTIL.CREATE_USER_GROUP(p_group_name => 'ataf_administrator');
  lv_group_id := APEX_UTIL.GET_GROUP_ID(p_group_name => 'ataf_administrator');
  APEX_UTIL.CREATE_USER(
    p_user_name => 'ADMIN_USER',
    p_description => 'Test User created by CI process',
    p_email_address => 'simon@apextestautomation.co.uk',
    p_web_password => 'TESTING1!',
    p_change_password_on_first_use => 'N',
    p_group_ids => lv_group_id);
  APEX_UTIL.CREATE_USER(
    p_user_name => 'BASIC_USER',
    p_description => 'Test User created by CI process',
    p_email_address => 'simon@apextestautomation.co.uk',
    p_web_password => 'TESTING1!',
    p_change_password_on_first_use => 'N',
    p_group_ids => '');
  APEX_UTIL.CREATE_USER(
    p_user_name => 'TEST1',
    p_description => 'Test User created by CI process',
    p_email_address => 'simon@apextestautomation.co.uk',
    p_web_password => 'TESTING1!',
    p_change_password_on_first_use => 'N',
    p_group_ids => '');
  APEX_UTIL.CREATE_USER(
    p_user_name => 'TEST2',
    p_description => 'Test User created by CI process',
    p_email_address => 'simon@apextestautomation.co.uk',
    p_web_password => 'TESTING1!',
    p_change_password_on_first_use => 'N',
    p_group_ids => '');
  APEX_UTIL.CREATE_USER(
    p_user_name => 'TEST3',
    p_description => 'Test User created by CI process',
    p_email_address => 'simon@apextestautomation.co.uk',
    p_web_password => 'TESTING1!',
    p_change_password_on_first_use => 'N',
    p_group_ids => ''); 
  APEX_UTIL.CREATE_USER(
    p_user_name => 'TEST4',
    p_description => 'Test User created by CI process',
    p_email_address => 'simon@apextestautomation.co.uk',
    p_web_password => 'TESTING1!',
    p_change_password_on_first_use => 'N',
    p_group_ids => '');  
END;

PL/SQL procedure successfully completed.

Elapsed: 00:00:01.455

Commit complete.

Elapsed: 00:00:00.084
SQL> PROMPT 'Cleanup'
'Cleanup'
SQL> ----------------
SQL> BEGIN
  drop Table ATAF_TEMP_MV;
  drop function ATAF_MIGRATE_SCRIPT;
END;
/
Rollback

Error starting at line : 146 in command -
BEGIN
  drop Table ATAF_TEMP_MV;
  drop function ATAF_MIGRATE_SCRIPT;
END;
Error report -
ORA-06550: line 2, column 3:
PLS-00103: Encountered the symbol "DROP" when expecting one of the following:

   ( begin case declare exit for goto if loop mod null pragma
   raise return select update while with <an identifier>
   <a double-quoted delimited-identifier> <a bind variable> <<
   continue close current delete fetch lock insert open rollback
   savepoint set sql execute commit forall merge pipe purge
06550. 00000 -  "line %s, column %s:\n%s"
*Cause:    Usually a PL/SQL compilation error.
*Action:
Elapsed: 00:00:00.122
